Archive member included to satisfy reference by file (symbol)

D:/Documents/STM32CubeIDE/STM32CubeIDE/plugins/com.st.stm32cube.ide.mcu.externaltools.gnu-tools-for-stm32.11.3.rel1.win32_1.1.0.202305231506/tools/bin/../lib/gcc/arm-none-eabi/11.3.1/../../../../arm-none-eabi/lib/thumb/v7e-m+fp/hard\libc_nano.a(libc_a-exit.o)
                              D:/Documents/STM32CubeIDE/STM32CubeIDE/plugins/com.st.stm32cube.ide.mcu.externaltools.gnu-tools-for-stm32.11.3.rel1.win32_1.1.0.202305231506/tools/bin/../lib/gcc/arm-none-eabi/11.3.1/../../../../arm-none-eabi/lib/thumb/v7e-m+fp/hard/crt0.o (exit)
D:/Documents/STM32CubeIDE/STM32CubeIDE/plugins/com.st.stm32cube.ide.mcu.externaltools.gnu-tools-for-stm32.11.3.rel1.win32_1.1.0.202305231506/tools/bin/../lib/gcc/arm-none-eabi/11.3.1/../../../../arm-none-eabi/lib/thumb/v7e-m+fp/hard\libc_nano.a(libc_a-findfp.o)
                              D:/Documents/STM32CubeIDE/STM32CubeIDE/plugins/com.st.stm32cube.ide.mcu.externaltools.gnu-tools-for-stm32.11.3.rel1.win32_1.1.0.202305231506/tools/bin/../lib/gcc/arm-none-eabi/11.3.1/../../../../arm-none-eabi/lib/thumb/v7e-m+fp/hard\libc_nano.a(libc_a-exit.o) (__stdio_exit_handler)
D:/Documents/STM32CubeIDE/STM32CubeIDE/plugins/com.st.stm32cube.ide.mcu.externaltools.gnu-tools-for-stm32.11.3.rel1.win32_1.1.0.202305231506/tools/bin/../lib/gcc/arm-none-eabi/11.3.1/../../../../arm-none-eabi/lib/thumb/v7e-m+fp/hard\libc_nano.a(libc_a-fwalk.o)
                              D:/Documents/STM32CubeIDE/STM32CubeIDE/plugins/com.st.stm32cube.ide.mcu.externaltools.gnu-tools-for-stm32.11.3.rel1.win32_1.1.0.202305231506/tools/bin/../lib/gcc/arm-none-eabi/11.3.1/../../../../arm-none-eabi/lib/thumb/v7e-m+fp/hard\libc_nano.a(libc_a-findfp.o) (_fwalk_sglue)
D:/Documents/STM32CubeIDE/STM32CubeIDE/plugins/com.st.stm32cube.ide.mcu.externaltools.gnu-tools-for-stm32.11.3.rel1.win32_1.1.0.202305231506/tools/bin/../lib/gcc/arm-none-eabi/11.3.1/../../../../arm-none-eabi/lib/thumb/v7e-m+fp/hard\libc_nano.a(libc_a-sprintf.o)
                              ./Core/Src/app.o (sprintf)
D:/Documents/STM32CubeIDE/STM32CubeIDE/plugins/com.st.stm32cube.ide.mcu.externaltools.gnu-tools-for-stm32.11.3.rel1.win32_1.1.0.202305231506/tools/bin/../lib/gcc/arm-none-eabi/11.3.1/../../../../arm-none-eabi/lib/thumb/v7e-m+fp/hard\libc_nano.a(libc_a-stdio.o)
                              D:/Documents/STM32CubeIDE/STM32CubeIDE/plugins/com.st.stm32cube.ide.mcu.externaltools.gnu-tools-for-stm32.11.3.rel1.win32_1.1.0.202305231506/tools/bin/../lib/gcc/arm-none-eabi/11.3.1/../../../../arm-none-eabi/lib/thumb/v7e-m+fp/hard\libc_nano.a(libc_a-findfp.o) (__sread)
D:/Documents/STM32CubeIDE/STM32CubeIDE/plugins/com.st.stm32cube.ide.mcu.externaltools.gnu-tools-for-stm32.11.3.rel1.win32_1.1.0.202305231506/tools/bin/../lib/gcc/arm-none-eabi/11.3.1/../../../../arm-none-eabi/lib/thumb/v7e-m+fp/hard\libc_nano.a(libc_a-memset.o)
                              D:/Documents/STM32CubeIDE/STM32CubeIDE/plugins/com.st.stm32cube.ide.mcu.externaltools.gnu-tools-for-stm32.11.3.rel1.win32_1.1.0.202305231506/tools/bin/../lib/gcc/arm-none-eabi/11.3.1/../../../../arm-none-eabi/lib/thumb/v7e-m+fp/hard/crt0.o (memset)
D:/Documents/STM32CubeIDE/STM32CubeIDE/plugins/com.st.stm32cube.ide.mcu.externaltools.gnu-tools-for-stm32.11.3.rel1.win32_1.1.0.202305231506/tools/bin/../lib/gcc/arm-none-eabi/11.3.1/../../../../arm-none-eabi/lib/thumb/v7e-m+fp/hard\libc_nano.a(libc_a-closer.o)
                              D:/Documents/STM32CubeIDE/STM32CubeIDE/plugins/com.st.stm32cube.ide.mcu.externaltools.gnu-tools-for-stm32.11.3.rel1.win32_1.1.0.202305231506/tools/bin/../lib/gcc/arm-none-eabi/11.3.1/../../../../arm-none-eabi/lib/thumb/v7e-m+fp/hard\libc_nano.a(libc_a-stdio.o) (_close_r)
D:/Documents/STM32CubeIDE/STM32CubeIDE/plugins/com.st.stm32cube.ide.mcu.externaltools.gnu-tools-for-stm32.11.3.rel1.win32_1.1.0.202305231506/tools/bin/../lib/gcc/arm-none-eabi/11.3.1/../../../../arm-none-eabi/lib/thumb/v7e-m+fp/hard\libc_nano.a(libc_a-reent.o)
                              D:/Documents/STM32CubeIDE/STM32CubeIDE/plugins/com.st.stm32cube.ide.mcu.externaltools.gnu-tools-for-stm32.11.3.rel1.win32_1.1.0.202305231506/tools/bin/../lib/gcc/arm-none-eabi/11.3.1/../../../../arm-none-eabi/lib/thumb/v7e-m+fp/hard\libc_nano.a(libc_a-closer.o) (errno)
D:/Documents/STM32CubeIDE/STM32CubeIDE/plugins/com.st.stm32cube.ide.mcu.externaltools.gnu-tools-for-stm32.11.3.rel1.win32_1.1.0.202305231506/tools/bin/../lib/gcc/arm-none-eabi/11.3.1/../../../../arm-none-eabi/lib/thumb/v7e-m+fp/hard\libc_nano.a(libc_a-impure.o)
                              D:/Documents/STM32CubeIDE/STM32CubeIDE/plugins/com.st.stm32cube.ide.mcu.externaltools.gnu-tools-for-stm32.11.3.rel1.win32_1.1.0.202305231506/tools/bin/../lib/gcc/arm-none-eabi/11.3.1/../../../../arm-none-eabi/lib/thumb/v7e-m+fp/hard\libc_nano.a(libc_a-sprintf.o) (_impure_ptr)
[...]
Memory Configuration

Name             Origin             Length             Attributes
RAM              0x0000000020000000 0x0000000000008000 xrw
FLASH            0x0000000008000000 0x0000000000020000 xr
*default*        0x0000000000000000 0xffffffffffffffff

Linker script and memory map

LOAD D:/Documents/STM32CubeIDE/STM32CubeIDE/plugins/com.st.stm32cube.ide.mcu.externaltools.gnu-tools-for-stm32.11.3.rel1.win32_1.1.0.202305231506/tools/bin/../lib/gcc/arm-none-eabi/11.3.1/thumb/v7e-m+fp/hard/crti.o
LOAD D:/Documents/STM32CubeIDE/STM32CubeIDE/plugins/com.st.stm32cube.ide.mcu.externaltools.gnu-tools-for-stm32.11.3.rel1.win32_1.1.0.202305231506/tools/bin/../lib/gcc/arm-none-eabi/11.3.1/thumb/v7e-m+fp/hard/crtbegin.o
LOAD D:/Documents/STM32CubeIDE/STM32CubeIDE/plugins/com.st.stm32cube.ide.mcu.externaltools.gnu-tools-for-stm32.11.3.rel1.win32_1.1.0.202305231506/tools/bin/../lib/gcc/arm-none-eabi/11.3.1/../../../../arm-none-eabi/lib/thumb/v7e-m+fp/hard/crt0.o
LOAD ./Core/Src/app.o
LOAD ./Core/Src/can.o
LOAD ./Core/Src/main.o
LOAD ./Core/Src/stm32g4xx_hal_msp.o
LOAD ./Core/Src/stm32g4xx_it.o
LOAD ./Core/Src/syscalls.o
LOAD ./Core/Src/sysmem.o
LOAD ./Core/Src/system_stm32g4xx.o
LOAD ./Core/Startup/startup_stm32g431cbtx.o
LOAD ./Drivers/STM32G4xx_HAL_Driver/Src/stm32g4xx_hal.o
LOAD ./Drivers/STM32G4xx_HAL_Driver/Src/stm32g4xx_hal_cortex.o
LOAD ./Drivers/STM32G4xx_HAL_Driver/Src/stm32g4xx_hal_dma.o
LOAD ./Drivers/STM32G4xx_HAL_Driver/Src/stm32g4xx_hal_dma_ex.o
LOAD ./Drivers/STM32G4xx_HAL_Driver/Src/stm32g4xx_hal_exti.o
LOAD ./Drivers/STM32G4xx_HAL_Driver/Src/stm32g4xx_hal_fdcan.o
LOAD ./Drivers/STM32G4xx_HAL_Driver/Src/stm32g4xx_hal_flash.o
LOAD ./Drivers/STM32G4xx_HAL_Driver/Src/stm32g4xx_hal_flash_ex.o
LOAD ./Drivers/STM32G4xx_HAL_Driver/Src/stm32g4xx_hal_flash_ramfunc.o
LOAD ./Drivers/STM32G4xx_HAL_Driver/Src/stm32g4xx_hal_gpio.o
LOAD ./Drivers/STM32G4xx_HAL_Driver/Src/stm32g4xx_hal_pcd.o
LOAD ./Drivers/STM32G4xx_HAL_Driver/Src/stm32g4xx_hal_pcd_ex.o
LOAD ./Drivers/STM32G4xx_HAL_Driver/Src/stm32g4xx_hal_pwr.o
LOAD ./Drivers/STM32G4xx_HAL_Driver/Src/stm32g4xx_hal_pwr_ex.o
LOAD ./Drivers/STM32G4xx_HAL_Driver/Src/stm32g4xx_hal_rcc.o
LOAD ./Drivers/STM32G4xx_HAL_Driver/Src/stm32g4xx_hal_rcc_ex.o
LOAD ./Drivers/STM32G4xx_HAL_Driver/Src/stm32g4xx_hal_tim.o
LOAD ./Drivers/STM32G4xx_HAL_Driver/Src/stm32g4xx_hal_tim_ex.o
LOAD ./Drivers/STM32G4xx_HAL_Driver/Src/stm32g4xx_hal_uart.o
LOAD ./Drivers/STM32G4xx_HAL_Driver/Src/stm32g4xx_hal_uart_ex.o
LOAD ./Drivers/STM32G4xx_HAL_Driver/Src/stm32g4xx_ll_usb.o
LOAD ./Middlewares/ST/STM32_USB_Device_Library/Class/CDC/Src/usbd_cdc.o
LOAD ./Middlewares/ST/STM32_USB_Device_Library/Core/Src/usbd_core.o
LOAD ./Middlewares/ST/STM32_USB_Device_Library/Core/Src/usbd_ctlreq.o
LOAD ./Middlewares/ST/STM32_USB_Device_Library/Core/Src/usbd_ioreq.o
LOAD ./USB_Device/App/usb_device.o
LOAD ./USB_Device/App/usbd_cdc_if.o
LOAD ./USB_Device/App/usbd_desc.o
LOAD ./USB_Device/Target/usbd_conf.o
START GROUP
LOAD D:/Documents/STM32CubeIDE/STM32CubeIDE/plugins/com.st.stm32cube.ide.mcu.externaltools.gnu-tools-for-stm32.11.3.rel1.win32_1.1.0.202305231506/tools/bin/../lib/gcc/arm-none-eabi/11.3.1/../../../../arm-none-eabi/lib/thumb/v7e-m+fp/hard\libc_nano.a
LOAD D:/Documents/STM32CubeIDE/STM32CubeIDE/plugins/com.st.stm32cube.ide.mcu.externaltools.gnu-tools-for-stm32.11.3.rel1.win32_1.1.0.202305231506/tools/bin/../lib/gcc/arm-none-eabi/11.3.1/../../../../arm-none-eabi/lib/thumb/v7e-m+fp/hard\libm.a
END GROUP
START GROUP
LOAD D:/Documents/STM32CubeIDE/STM32CubeIDE/plugins/com.st.stm32cube.ide.mcu.externaltools.gnu-tools-for-stm32.11.3.rel1.win32_1.1.0.202305231506/tools/bin/../lib/gcc/arm-none-eabi/11.3.1/thumb/v7e-m+fp/hard\libgcc.a
LOAD D:/Documents/STM32CubeIDE/STM32CubeIDE/plugins/com.st.stm32cube.ide.mcu.externaltools.gnu-tools-for-stm32.11.3.rel1.win32_1.1.0.202305231506/tools/bin/../lib/gcc/arm-none-eabi/11.3.1/../../../../arm-none-eabi/lib/thumb/v7e-m+fp/hard\libc_nano.a
END GROUP
START GROUP
LOAD D:/Documents/STM32CubeIDE/STM32CubeIDE/plugins/com.st.stm32cube.ide.mcu.externaltools.gnu-tools-for-stm32.11.3.rel1.win32_1.1.0.202305231506/tools/bin/../lib/gcc/arm-none-eabi/11.3.1/thumb/v7e-m+fp/hard\libgcc.a
LOAD D:/Documents/STM32CubeIDE/STM32CubeIDE/plugins/com.st.stm32cube.ide.mcu.externaltools.gnu-tools-for-stm32.11.3.rel1.win32_1.1.0.202305231506/tools/bin/../lib/gcc/arm-none-eabi/11.3.1/../../../../arm-none-eabi/lib/thumb/v7e-m+fp/hard\libc_nano.a
LOAD D:/Documents/STM32CubeIDE/STM32CubeIDE/plugins/com.st.stm32cube.ide.mcu.externaltools.gnu-tools-for-stm32.11.3.rel1.win32_1.1.0.202305231506/tools/bin/../lib/gcc/arm-none-eabi/11.3.1/../../../../arm-none-eabi/lib/thumb/v7e-m+fp/hard\libnosys.a
END GROUP
START GROUP
LOAD D:/Documents/STM32CubeIDE/STM32CubeIDE/plugins/com.st.stm32cube.ide.mcu.externaltools.gnu-tools-for-stm32.11.3.rel1.win32_1.1.0.202305231506/tools/bin/../lib/gcc/arm-none-eabi/11.3.1/thumb/v7e-m+fp/hard\libgcc.a
LOAD D:/Documents/STM32CubeIDE/STM32CubeIDE/plugins/com.st.stm32cube.ide.mcu.externaltools.gnu-tools-for-stm32.11.3.rel1.win32_1.1.0.202305231506/tools/bin/../lib/gcc/arm-none-eabi/11.3.1/../../../../arm-none-eabi/lib/thumb/v7e-m+fp/hard\libc_nano.a
LOAD D:/Documents/STM32CubeIDE/STM32CubeIDE/plugins/com.st.stm32cube.ide.mcu.externaltools.gnu-tools-for-stm32.11.3.rel1.win32_1.1.0.202305231506/tools/bin/../lib/gcc/arm-none-eabi/11.3.1/../../../../arm-none-eabi/lib/thumb/v7e-m+fp/hard\libnosys.a
END GROUP
LOAD D:/Documents/STM32CubeIDE/STM32CubeIDE/plugins/com.st.stm32cube.ide.mcu.externaltools.gnu-tools-for-stm32.11.3.rel1.win32_1.1.0.202305231506/tools/bin/../lib/gcc/arm-none-eabi/11.3.1/thumb/v7e-m+fp/hard/crtend.o
LOAD D:/Documents/STM32CubeIDE/STM32CubeIDE/plugins/com.st.stm32cube.ide.mcu.externaltools.gnu-tools-for-stm32.11.3.rel1.win32_1.1.0.202305231506/tools/bin/../lib/gcc/arm-none-eabi/11.3.1/thumb/v7e-m+fp/hard/crtn.o
                0x0000000020008000                _estack = (ORIGIN (RAM) + LENGTH (RAM))
                0x0000000000000200                _Min_Heap_Size = 0x200
                0x0000000000000400                _Min_Stack_Size = 0x400

.isr_vector     0x0000000008000000      0x1d8
                0x0000000008000000                . = ALIGN (0x4)
 *(.isr_vector)
 .isr_vector    0x0000000008000000      0x1d8 ./Core/Startup/startup_stm32g431cbtx.o
                0x0000000008000000                g_pfnVectors
                0x00000000080001d8                . = ALIGN (0x4)

.text           0x00000000080001d8     0x9e84
                0x00000000080001d8                . = ALIGN (0x4)
 *(.text)
 .text          0x00000000080001d8       0x40 D:/Documents/STM32CubeIDE/STM32CubeIDE/plugins/com.st.stm32cube.ide.mcu.externaltools.gnu-tools-for-stm32.11.3.rel1.win32_1.1.0.202305231506/tools/bin/../lib/gcc/arm-none-eabi/11.3.1/thumb/v7e-m+fp/hard/crtbegin.o
 .text          0x0000000008000218       0x30 D:/Documents/STM32CubeIDE/STM32CubeIDE/plugins/com.st.stm32cube.ide.mcu.externaltools.gnu-tools-for-stm32.11.3.rel1.win32_1.1.0.202305231506/tools/bin/../lib/gcc/arm-none-eabi/11.3.1/thumb/v7e-m+fp/hard\libgcc.a(_aeabi_uldivmod.o)
                0x0000000008000218                __aeabi_uldivmod
 .text          0x0000000008000248      0x2c8 D:/Documents/STM32CubeIDE/STM32CubeIDE/plugins/com.st.stm32cube.ide.mcu.externaltools.gnu-tools-for-stm32.11.3.rel1.win32_1.1.0.202305231506/tools/bin/../lib/gcc/arm-none-eabi/11.3.1/thumb/v7e-m+fp/hard\libgcc.a(_udivmoddi4.o)
                0x0000000008000248                __udivmoddi4
 .text          0x0000000008000510        0x4 D:/Documents/STM32CubeIDE/STM32CubeIDE/plugins/com.st.stm32cube.ide.mcu.externaltools.gnu-tools-for-stm32.11.3.rel1.win32_1.1.0.202305231506/tools/bin/../lib/gcc/arm-none-eabi/11.3.1/thumb/v7e-m+fp/hard\libgcc.a(_dvmd_tls.o)
                0x0000000008000510                __aeabi_idiv0
                0x0000000008000510                __aeabi_ldiv0
 *(.text*)
 .text.HAL_FDCAN_RxFifo0Callback
                0x0000000008000514       0x16 ./Core/Src/app.o
                0x0000000008000514                HAL_FDCAN_RxFifo0Callback
 *fill*         0x000000000800052a        0x2 
 .text.APP_handleUSBMessage
                0x000000000800052c       0xb0 ./Core/Src/app.o
                0x000000000800052c                APP_handleUSBMessage
 .text.APP_handleCANMessage
                0x00000000080005dc       0xe0 ./Core/Src/app.o
                0x00000000080005dc                APP_handleCANMessage
 .text.APP_init
                0x00000000080006bc       0x58 ./Core/Src/app.o
                0x00000000080006bc                APP_init
 .text.APP_main
                0x0000000008000714       0x64 ./Core/Src/app.o
                0x0000000008000714                APP_main
 .text.CAN_getRxFrame
                0x0000000008000778       0xfc ./Core/Src/can.o
                0x0000000008000778                CAN_getRxFrame
 .text.CAN_putTxFrame
                0x0000000008000874       0xe4 ./Core/Src/can.o
                0x0000000008000874                CAN_putTxFrame
 .text.main     0x0000000008000958       0x26 ./Core/Src/main.o
                0x0000000008000958                main
 .text.SystemClock_Config
                0x000000000800097e       0x94 ./Core/Src/main.o
                0x000000000800097e                SystemClock_Config
 *fill*         0x0000000008000a12        0x2 
 .text.MX_FDCAN1_Init
                0x0000000008000a14       0x8c ./Core/Src/main.o
 .text.MX_USART2_UART_Init
                0x0000000008000aa0       0x98 ./Core/Src/main.o
 .text.MX_GPIO_Init
                0x0000000008000b38       0x94 ./Core/Src/main.o
 .text.Error_Handler
                0x0000000008000bcc        0xa ./Core/Src/main.o
                0x0000000008000bcc                Error_Handler
 *fill*         0x0000000008000bd6        0x2 
 .text.HAL_MspInit
                0x0000000008000bd8       0x48 ./Core/Src/stm32g4xx_hal_msp.o
                0x0000000008000bd8                HAL_MspInit
 .text.HAL_FDCAN_MspInit
                0x0000000008000c20       0xc8 ./Core/Src/stm32g4xx_hal_msp.o
                0x0000000008000c20                HAL_FDCAN_MspInit
 .text.HAL_UART_MspInit
                0x0000000008000ce8       0xb0 ./Core/Src/stm32g4xx_hal_msp.o
                0x0000000008000ce8                HAL_UART_MspInit
 .text.NMI_Handler
                0x0000000008000d98        0x6 ./Core/Src/stm32g4xx_it.o
                0x0000000008000d98                NMI_Handler
 .text.HardFault_Handler
                0x0000000008000d9e        0x6 ./Core/Src/stm32g4xx_it.o
                0x0000000008000d9e                HardFault_Handler
 .text.MemManage_Handler
                0x0000000008000da4        0x6 ./Core/Src/stm32g4xx_it.o
                0x0000000008000da4                MemManage_Handler
 .text.BusFault_Handler
                0x0000000008000daa        0x6 ./Core/Src/stm32g4xx_it.o
                0x0000000008000daa                BusFault_Handler
 .text.UsageFault_Handler
                0x0000000008000db0        0x6 ./Core/Src/stm32g4xx_it.o
                0x0000000008000db0                UsageFault_Handler
 .text.SVC_Handler
                0x0000000008000db6        0xe ./Core/Src/stm32g4xx_it.o
                0x0000000008000db6                SVC_Handler
 .text.DebugMon_Handler
                0x0000000008000dc4        0xe ./Core/Src/stm32g4xx_it.o
                0x0000000008000dc4                DebugMon_Handler
 .text.PendSV_Handler
                0x0000000008000dd2        0xe ./Core/Src/stm32g4xx_it.o
                0x0000000008000dd2                PendSV_Handler
 .text.SysTick_Handler
                0x0000000008000de0        0xc ./Core/Src/stm32g4xx_it.o
                0x0000000008000de0                SysTick_Handler
 .text.USB_LP_IRQHandler
                0x0000000008000dec       0x14 ./Core/Src/stm32g4xx_it.o
                0x0000000008000dec                USB_LP_IRQHandler
 .text.FDCAN1_IT0_IRQHandler
                0x0000000008000e00       0x14 ./Core/Src/stm32g4xx_it.o
                0x0000000008000e00                FDCAN1_IT0_IRQHandler
 .text.SystemInit
                0x0000000008000e14       0x24 ./Core/Src/system_stm32g4xx.o
                0x0000000008000e14                SystemInit
 .text.Reset_Handler
                0x0000000008000e38       0x50 ./Core/Startup/startup_stm32g431cbtx.o
                0x0000000008000e38                Reset_Handler
 .text.Default_Handler
                0x0000000008000e88        0x2 ./Core/Startup/startup_stm32g431cbtx.o
                0x0000000008000e88                RTC_Alarm_IRQHandler
                0x0000000008000e88                EXTI2_IRQHandler
                0x0000000008000e88                TIM8_TRG_COM_IRQHandler
                0x0000000008000e88                TIM8_CC_IRQHandler
                0x0000000008000e88                TIM1_CC_IRQHandler
                0x0000000008000e88                USB_HP_IRQHandler
                0x0000000008000e88                CORDIC_IRQHandler
                0x0000000008000e88                EXTI3_IRQHandler
                0x0000000008000e88                I2C3_ER_IRQHandler
                0x0000000008000e88                EXTI0_IRQHandler
                0x0000000008000e88                I2C2_EV_IRQHandler
                0x0000000008000e88                FPU_IRQHandler
                0x0000000008000e88                FDCAN1_IT1_IRQHandler
                0x0000000008000e88                TIM1_UP_TIM16_IRQHandler
                0x0000000008000e88                ADC1_2_IRQHandler
                0x0000000008000e88                SPI1_IRQHandler
                0x0000000008000e88                TIM6_DAC_IRQHandler
                0x0000000008000e88                TIM8_UP_IRQHandler
                0x0000000008000e88                DMA2_Channel2_IRQHandler
                0x0000000008000e88                DMA1_Channel4_IRQHandler
                0x0000000008000e88                USART3_IRQHandler
                0x0000000008000e88                TIM4_IRQHandler
                0x0000000008000e88                DMA2_Channel1_IRQHandler
                0x0000000008000e88                I2C1_EV_IRQHandler
                0x0000000008000e88                DMA1_Channel6_IRQHandler
                0x0000000008000e88                UART4_IRQHandler
                0x0000000008000e88                DMA2_Channel4_IRQHandler
                0x0000000008000e88                TIM3_IRQHandler
                0x0000000008000e88                RCC_IRQHandler
                0x0000000008000e88                DMA1_Channel1_IRQHandler
                0x0000000008000e88                Default_Handler
                0x0000000008000e88                RTC_TAMP_LSECSS_IRQHandler
                0x0000000008000e88                FMAC_IRQHandler
                0x0000000008000e88                EXTI15_10_IRQHandler
                0x0000000008000e88                TIM7_IRQHandler
                0x0000000008000e88                UCPD1_IRQHandler
                0x0000000008000e88                I2C3_EV_IRQHandler
                0x0000000008000e88                EXTI9_5_IRQHandler
                0x0000000008000e88                RTC_WKUP_IRQHandler
                0x0000000008000e88                PVD_PVM_IRQHandler
                0x0000000008000e88                SPI2_IRQHandler
                0x0000000008000e88                DMA2_Channel5_IRQHandler
                0x0000000008000e88                CRS_IRQHandler
                0x0000000008000e88                DMA1_Channel5_IRQHandler
                0x0000000008000e88                EXTI4_IRQHandler
                0x0000000008000e88                RNG_IRQHandler
                0x0000000008000e88                TIM1_TRG_COM_TIM17_IRQHandler
                0x0000000008000e88                DMA1_Channel3_IRQHandler
                0x0000000008000e88                WWDG_IRQHandler
                0x0000000008000e88                LPUART1_IRQHandler
                0x0000000008000e88                DMA2_Channel6_IRQHandler
                0x0000000008000e88                TIM2_IRQHandler
                0x0000000008000e88                COMP1_2_3_IRQHandler
                0x0000000008000e88                EXTI1_IRQHandler
                0x0000000008000e88                USART2_IRQHandler
                0x0000000008000e88                I2C2_ER_IRQHandler
                0x0000000008000e88                DMA1_Channel2_IRQHandler
                0x0000000008000e88                TIM8_BRK_IRQHandler
                0x0000000008000e88                FLASH_IRQHandler
                0x0000000008000e88                USART1_IRQHandler
                0x0000000008000e88                SPI3_IRQHandler
                0x0000000008000e88                I2C1_ER_IRQHandler
                0x0000000008000e88                LPTIM1_IRQHandler
                0x0000000008000e88                DMAMUX_OVR_IRQHandler
                0x0000000008000e88                USBWakeUp_IRQHandler
                0x0000000008000e88                SAI1_IRQHandler
                0x0000000008000e88                DMA2_Channel3_IRQHandler
                0x0000000008000e88                COMP4_IRQHandler
                0x0000000008000e88                TIM1_BRK_TIM15_IRQHandler
 .text.HAL_Init
                0x0000000008000e8a       0x30 ./Drivers/STM32G4xx_HAL_Driver/Src/stm32g4xx_hal.o
                0x0000000008000e8a                HAL_Init
 *fill*         0x0000000008000eba        0x2 
 .text.HAL_InitTick
                0x0000000008000ebc       0x74 ./Drivers/STM32G4xx_HAL_Driver/Src/stm32g4xx_hal.o
                0x0000000008000ebc                HAL_InitTick
 .text.HAL_IncTick
                0x0000000008000f30       0x24 ./Drivers/STM32G4xx_HAL_Driver/Src/stm32g4xx_hal.o
                0x0000000008000f30                HAL_IncTick
 .text.HAL_GetTick
                0x0000000008000f54       0x18 ./Drivers/STM32G4xx_HAL_Driver/Src/stm32g4xx_hal.o
                0x0000000008000f54                HAL_GetTick
 .text.HAL_Delay
                0x0000000008000f6c       0x44 ./Drivers/STM32G4xx_HAL_Driver/Src/stm32g4xx_hal.o
                0x0000000008000f6c                HAL_Delay
 .text.__NVIC_SetPriorityGrouping
                0x0000000008000fb0       0x48 ./Drivers/STM32G4xx_HAL_Driver/Src/stm32g4xx_hal_cortex.o
 .text.__NVIC_GetPriorityGrouping
                0x0000000008000ff8       0x1c ./Drivers/STM32G4xx_HAL_Driver/Src/stm32g4xx_hal_cortex.o
 .text.__NVIC_EnableIRQ
                0x0000000008001014       0x3c ./Drivers/STM32G4xx_HAL_Driver/Src/stm32g4xx_hal_cortex.o
 .text.__NVIC_SetPriority
                0x0000000008001050       0x54 ./Drivers/STM32G4xx_HAL_Driver/Src/stm32g4xx_hal_cortex.o
 .text.NVIC_EncodePriority
                0x00000000080010a4       0x66 ./Drivers/STM32G4xx_HAL_Driver/Src/stm32g4xx_hal_cortex.o
 *fill*         0x000000000800110a        0x2 
 .text.SysTick_Config
                0x000000000800110c       0x44 ./Drivers/STM32G4xx_HAL_Driver/Src/stm32g4xx_hal_cortex.o
 .text.HAL_NVIC_SetPriorityGrouping
                0x0000000008001150       0x16 ./Drivers/STM32G4xx_HAL_Driver/Src/stm32g4xx_hal_cortex.o
                0x0000000008001150                HAL_NVIC_SetPriorityGrouping
 .text.HAL_NVIC_SetPriority
                0x0000000008001166       0x34 ./Drivers/STM32G4xx_HAL_Driver/Src/stm32g4xx_hal_cortex.o
                0x0000000008001166                HAL_NVIC_SetPriority
 .text.HAL_NVIC_EnableIRQ
                0x000000000800119a       0x1c ./Drivers/STM32G4xx_HAL_Driver/Src/stm32g4xx_hal_cortex.o
                0x000000000800119a                HAL_NVIC_EnableIRQ
 .text.HAL_SYSTICK_Config
                0x00000000080011b6       0x18 ./Drivers/STM32G4xx_HAL_Driver/Src/stm32g4xx_hal_cortex.o
                0x00000000080011b6                HAL_SYSTICK_Config
 *fill*         0x00000000080011ce        0x2 
 .text.HAL_FDCAN_Init
                0x00000000080011d0      0x2b4 ./Drivers/STM32G4xx_HAL_Driver/Src/stm32g4xx_hal_fdcan.o
                0x00000000080011d0                HAL_FDCAN_Init
 .text.HAL_FDCAN_ConfigFilter
                0x0000000008001484       0xb4 ./Drivers/STM32G4xx_HAL_Driver/Src/stm32g4xx_hal_fdcan.o
                0x0000000008001484                HAL_FDCAN_ConfigFilter
 .text.HAL_FDCAN_Start
                0x0000000008001538       0x50 ./Drivers/STM32G4xx_HAL_Driver/Src/stm32g4xx_hal_fdcan.o
                0x0000000008001538                HAL_FDCAN_Start
 .text.HAL_FDCAN_AddMessageToTxFifoQ
                0x0000000008001588       0x88 ./Drivers/STM32G4xx_HAL_Driver/Src/stm32g4xx_hal_fdcan.o
                0x0000000008001588                HAL_FDCAN_AddMessageToTxFifoQ
 .text.HAL_FDCAN_GetRxMessage
                0x0000000008001610      0x1b4 ./Drivers/STM32G4xx_HAL_Driver/Src/stm32g4xx_hal_fdcan.o
                0x0000000008001610                HAL_FDCAN_GetRxMessage
 .text.HAL_FDCAN_ActivateNotification
                0x00000000080017c4      0x1cc ./Drivers/STM32G4xx_HAL_Driver/Src/stm32g4xx_hal_fdcan.o
                0x00000000080017c4                HAL_FDCAN_ActivateNotification
 .text.HAL_FDCAN_IRQHandler
                0x0000000008001990      0x272 ./Drivers/STM32G4xx_HAL_Driver/Src/stm32g4xx_hal_fdcan.o
                0x0000000008001990                HAL_FDCAN_IRQHandler
 .text.HAL_FDCAN_TxEventFifoCallback
                0x0000000008001c02       0x16 ./Drivers/STM32G4xx_HAL_Driver/Src/stm32g4xx_hal_fdcan.o
                0x0000000008001c02                HAL_FDCAN_TxEventFifoCallback
 .text.HAL_FDCAN_RxFifo1Callback
                0x0000000008001c18       0x16 ./Drivers/STM32G4xx_HAL_Driver/Src/stm32g4xx_hal_fdcan.o
                0x0000000008001c18                HAL_FDCAN_RxFifo1Callback
 .text.HAL_FDCAN_TxFifoEmptyCallback
                0x0000000008001c2e       0x14 ./Drivers/STM32G4xx_HAL_Driver/Src/stm32g4xx_hal_fdcan.o
                0x0000000008001c2e                HAL_FDCAN_TxFifoEmptyCallback
 .text.HAL_FDCAN_TxBufferCompleteCallback
                0x0000000008001c42       0x16 ./Drivers/STM32G4xx_HAL_Driver/Src/stm32g4xx_hal_fdcan.o
                0x0000000008001c42                HAL_FDCAN_TxBufferCompleteCallback
 .text.HAL_FDCAN_TxBufferAbortCallback
                0x0000000008001c58       0x16 ./Drivers/STM32G4xx_HAL_Driver/Src/stm32g4xx_hal_fdcan.o
                0x0000000008001c58                HAL_FDCAN_TxBufferAbortCallback
 .text.HAL_FDCAN_TimestampWraparoundCallback
                0x0000000008001c6e       0x14 ./Drivers/STM32G4xx_HAL_Driver/Src/stm32g4xx_hal_fdcan.o
                0x0000000008001c6e                HAL_FDCAN_TimestampWraparoundCallback
 .text.HAL_FDCAN_TimeoutOccurredCallback
                0x0000000008001c82       0x14 ./Drivers/STM32G4xx_HAL_Driver/Src/stm32g4xx_hal_fdcan.o
                0x0000000008001c82                HAL_FDCAN_TimeoutOccurredCallback
 .text.HAL_FDCAN_HighPriorityMessageCallback
                0x0000000008001c96       0x14 ./Drivers/STM32G4xx_HAL_Driver/Src/stm32g4xx_hal_fdcan.o
                0x0000000008001c96                HAL_FDCAN_HighPriorityMessageCallback
 .text.HAL_FDCAN_ErrorCallback
                0x0000000008001caa       0x14 ./Drivers/STM32G4xx_HAL_Driver/Src/stm32g4xx_hal_fdcan.o
                0x0000000008001caa                HAL_FDCAN_ErrorCallback
 .text.HAL_FDCAN_ErrorStatusCallback
                0x0000000008001cbe       0x16 ./Drivers/STM32G4xx_HAL_Driver/Src/stm32g4xx_hal_fdcan.o
                0x0000000008001cbe                HAL_FDCAN_ErrorStatusCallback
 .text.FDCAN_CalcultateRamBlockAddresses
                0x0000000008001cd4       0xac ./Drivers/STM32G4xx_HAL_Driver/Src/stm32g4xx_hal_fdcan.o
 .text.FDCAN_CopyMessageToRAM
                0x0000000008001d80       0xf8 ./Drivers/STM32G4xx_HAL_Driver/Src/stm32g4xx_hal_fdcan.o
 .text.HAL_GPIO_Init
                0x0000000008001e78      0x304 ./Drivers/STM32G4xx_HAL_Driver/Src/stm32g4xx_hal_gpio.o
                0x0000000008001e78                HAL_GPIO_Init
 .text.HAL_GPIO_WritePin
                0x000000000800217c       0x30 ./Drivers/STM32G4xx_HAL_Driver/Src/stm32g4xx_hal_gpio.o
                0x000000000800217c                HAL_GPIO_WritePin
 .text.HAL_PCD_Init
                0x00000000080021ac      0x1ca ./Drivers/STM32G4xx_HAL_Driver/Src/stm32g4xx_hal_pcd.o
                0x00000000080021ac                HAL_PCD_Init
 .text.HAL_PCD_Start
                0x0000000008002376       0x44 ./Drivers/STM32G4xx_HAL_Driver/Src/stm32g4xx_hal_pcd.o
                0x0000000008002376                HAL_PCD_Start
 .text.HAL_PCD_IRQHandler
                0x00000000080023ba      0x24e ./Drivers/STM32G4xx_HAL_Driver/Src/stm32g4xx_hal_pcd.o
                0x00000000080023ba                HAL_PCD_IRQHandler
 .text.HAL_PCD_SetAddress
                0x0000000008002608       0x4a ./Drivers/STM32G4xx_HAL_Driver/Src/stm32g4xx_hal_pcd.o
                0x0000000008002608                HAL_PCD_SetAddress
 .text.HAL_PCD_EP_Open
                0x0000000008002652       0xcc ./Drivers/STM32G4xx_HAL_Driver/Src/stm32g4xx_hal_pcd.o
                0x0000000008002652                HAL_PCD_EP_Open
 .text.HAL_PCD_EP_Close
                0x000000000800271e       0x90 ./Drivers/STM32G4xx_HAL_Driver/Src/stm32g4xx_hal_pcd.o
                0x000000000800271e                HAL_PCD_EP_Close
 .text.HAL_PCD_EP_Receive
                0x00000000080027ae       0x7a ./Drivers/STM32G4xx_HAL_Driver/Src/stm32g4xx_hal_pcd.o
                0x00000000080027ae                HAL_PCD_EP_Receive
 .text.HAL_PCD_EP_GetRxCount
                0x0000000008002828       0x30 ./Drivers/STM32G4xx_HAL_Driver/Src/stm32g4xx_hal_pcd.o
                0x0000000008002828                HAL_PCD_EP_GetRxCount
 .text.HAL_PCD_EP_Transmit
                0x0000000008002858       0x86 ./Drivers/STM32G4xx_HAL_Driver/Src/stm32g4xx_hal_pcd.o
                0x0000000008002858                HAL_PCD_EP_Transmit
 .text.HAL_PCD_EP_SetStall
                0x00000000080028de       0xa4 ./Drivers/STM32G4xx_HAL_Driver/Src/stm32g4xx_hal_pcd.o
                0x00000000080028de                HAL_PCD_EP_SetStall
 .text.HAL_PCD_EP_ClrStall
                0x0000000008002982       0xa8 ./Drivers/STM32G4xx_HAL_Driver/Src/stm32g4xx_hal_pcd.o
                0x0000000008002982                HAL_PCD_EP_ClrStall
 .text.PCD_EP_ISR_Handler
                0x0000000008002a2a      0x760 ./Drivers/STM32G4xx_HAL_Driver/Src/stm32g4xx_hal_pcd.o
 .text.HAL_PCD_EP_DB_Receive
                0x000000000800318a      0x212 ./Drivers/STM32G4xx_HAL_Driver/Src/stm32g4xx_hal_pcd.o
 .text.HAL_PCD_EP_DB_Transmit
                0x000000000800339c      0x79c ./Drivers/STM32G4xx_HAL_Driver/Src/stm32g4xx_hal_pcd.o
 .text.HAL_PCDEx_PMAConfig
                0x0000000008003b38       0x86 ./Drivers/STM32G4xx_HAL_Driver/Src/stm32g4xx_hal_pcd_ex.o
                0x0000000008003b38                HAL_PCDEx_PMAConfig
 .text.HAL_PCDEx_ActivateLPM
                0x0000000008003bbe       0x54 ./Drivers/STM32G4xx_HAL_Driver/Src/stm32g4xx_hal_pcd_ex.o
                0x0000000008003bbe                HAL_PCDEx_ActivateLPM
 *fill*         0x0000000008003c12        0x2 
 .text.HAL_PWREx_ControlVoltageScaling
                0x0000000008003c14      0x148 ./Drivers/STM32G4xx_HAL_Driver/Src/stm32g4xx_hal_pwr_ex.o
                0x0000000008003c14                HAL_PWREx_ControlVoltageScaling
 .text.HAL_RCC_OscConfig
                0x0000000008003d5c      0x630 ./Drivers/STM32G4xx_HAL_Driver/Src/stm32g4xx_hal_rcc.o
                0x0000000008003d5c                HAL_RCC_OscConfig
 .text.HAL_RCC_ClockConfig
                0x000000000800438c      0x278 ./Drivers/STM32G4xx_HAL_Driver/Src/stm32g4xx_hal_rcc.o
                0x000000000800438c                HAL_RCC_ClockConfig
 .text.HAL_RCC_GetSysClockFreq
                0x0000000008004604       0xc4 ./Drivers/STM32G4xx_HAL_Driver/Src/stm32g4xx_hal_rcc.o
                0x0000000008004604                HAL_RCC_GetSysClockFreq
 .text.HAL_RCC_GetHCLKFreq
                0x00000000080046c8       0x18 ./Drivers/STM32G4xx_HAL_Driver/Src/stm32g4xx_hal_rcc.o
                0x00000000080046c8                HAL_RCC_GetHCLKFreq
 .text.HAL_RCC_GetPCLK1Freq
                0x00000000080046e0       0x2c ./Drivers/STM32G4xx_HAL_Driver/Src/stm32g4xx_hal_rcc.o
                0x00000000080046e0                HAL_RCC_GetPCLK1Freq
 .text.HAL_RCC_GetPCLK2Freq
                0x000000000800470c       0x2c ./Drivers/STM32G4xx_HAL_Driver/Src/stm32g4xx_hal_rcc.o
                0x000000000800470c                HAL_RCC_GetPCLK2Freq
 .text.RCC_GetSysClockFreqFromPLLSource
                0x0000000008004738       0x8c ./Drivers/STM32G4xx_HAL_Driver/Src/stm32g4xx_hal_rcc.o
 .text.HAL_RCCEx_PeriphCLKConfig
                0x00000000080047c4      0x3e0 ./Drivers/STM32G4xx_HAL_Driver/Src/stm32g4xx_hal_rcc_ex.o
                0x00000000080047c4                HAL_RCCEx_PeriphCLKConfig
 .text.HAL_UART_Init
                0x0000000008004ba4       0xa0 ./Drivers/STM32G4xx_HAL_Driver/Src/stm32g4xx_hal_uart.o
                0x0000000008004ba4                HAL_UART_Init
 .text.UART_SetConfig
                0x0000000008004c44      0x598 ./Drivers/STM32G4xx_HAL_Driver/Src/stm32g4xx_hal_uart.o
                0x0000000008004c44                UART_SetConfig
 .text.UART_AdvFeatureConfig
                0x00000000080051dc      0x144 ./Drivers/STM32G4xx_HAL_Driver/Src/stm32g4xx_hal_uart.o
                0x00000000080051dc                UART_AdvFeatureConfig
 .text.UART_CheckIdleState
                0x0000000008005320       0x96 ./Drivers/STM32G4xx_HAL_Driver/Src/stm32g4xx_hal_uart.o
                0x0000000008005320                UART_CheckIdleState
 .text.UART_WaitOnFlagUntilTimeout
                0x00000000080053b6      0x190 ./Drivers/STM32G4xx_HAL_Driver/Src/stm32g4xx_hal_uart.o
                0x00000000080053b6                UART_WaitOnFlagUntilTimeout
 .text.HAL_UARTEx_DisableFifoMode
                0x0000000008005546       0x72 ./Drivers/STM32G4xx_HAL_Driver/Src/stm32g4xx_hal_uart_ex.o
                0x0000000008005546                HAL_UARTEx_DisableFifoMode
 .text.HAL_UARTEx_SetTxFifoThreshold
                0x00000000080055b8       0x7c ./Drivers/STM32G4xx_HAL_Driver/Src/stm32g4xx_hal_uart_ex.o
                0x00000000080055b8                HAL_UARTEx_SetTxFifoThreshold
 .text.HAL_UARTEx_SetRxFifoThreshold
                0x0000000008005634       0x7c ./Drivers/STM32G4xx_HAL_Driver/Src/stm32g4xx_hal_uart_ex.o
                0x0000000008005634                HAL_UARTEx_SetRxFifoThreshold
 .text.UARTEx_SetNbDataToProcess
                0x00000000080056b0       0x9c ./Drivers/STM32G4xx_HAL_Driver/Src/stm32g4xx_hal_uart_ex.o
 .text.USB_EnableGlobalInt
                0x000000000800574c       0x2e ./Drivers/STM32G4xx_HAL_Driver/Src/stm32g4xx_ll_usb.o
                0x000000000800574c                USB_EnableGlobalInt
 .text.USB_DisableGlobalInt
                0x000000000800577a       0x36 ./Drivers/STM32G4xx_HAL_Driver/Src/stm32g4xx_ll_usb.o
                0x000000000800577a                USB_DisableGlobalInt
 .text.USB_DevInit
                0x00000000080057b0       0x42 ./Drivers/STM32G4xx_HAL_Driver/Src/stm32g4xx_ll_usb.o
                0x00000000080057b0                USB_DevInit
 *fill*         0x00000000080057f2        0x2 
 .text.USB_ActivateEndpoint
                0x00000000080057f4      0x728 ./Drivers/STM32G4xx_HAL_Driver/Src/stm32g4xx_ll_usb.o
                0x00000000080057f4                USB_ActivateEndpoint
 .text.USB_DeactivateEndpoint
                0x0000000008005f1c      0x3da ./Drivers/STM32G4xx_HAL_Driver/Src/stm32g4xx_ll_usb.o
                0x0000000008005f1c                USB_DeactivateEndpoint
 .text.USB_EPStartXfer
                0x00000000080062f6     0x166c ./Drivers/STM32G4xx_HAL_Driver/Src/stm32g4xx_ll_usb.o
                0x00000000080062f6                USB_EPStartXfer
 .text.USB_EPSetStall
                0x0000000008007962       0xa2 ./Drivers/STM32G4xx_HAL_Driver/Src/stm32g4xx_ll_usb.o
                0x0000000008007962                USB_EPSetStall
 .text.USB_EPClearStall
                0x0000000008007a04      0x15c ./Drivers/STM32G4xx_HAL_Driver/Src/stm32g4xx_ll_usb.o
                0x0000000008007a04                USB_EPClearStall
 .text.USB_SetDevAddress
                0x0000000008007b60       0x28 ./Drivers/STM32G4xx_HAL_Driver/Src/stm32g4xx_ll_usb.o
                0x0000000008007b60                USB_SetDevAddress
 .text.USB_DevConnect
                0x0000000008007b88       0x2e ./Drivers/STM32G4xx_HAL_Driver/Src/stm32g4xx_ll_usb.o
                0x0000000008007b88                USB_DevConnect
 .text.USB_ReadInterrupts
                0x0000000008007bb6       0x20 ./Drivers/STM32G4xx_HAL_Driver/Src/stm32g4xx_ll_usb.o
                0x0000000008007bb6                USB_ReadInterrupts
 .text.USB_WritePMA
                0x0000000008007bd6       0x84 ./Drivers/STM32G4xx_HAL_Driver/Src/stm32g4xx_ll_usb.o
                0x0000000008007bd6                USB_WritePMA
 .text.USB_ReadPMA
                0x0000000008007c5a       0x98 ./Drivers/STM32G4xx_HAL_Driver/Src/stm32g4xx_ll_usb.o
                0x0000000008007c5a                USB_ReadPMA
 .text.USBD_CDC_Init
                0x0000000008007cf2       0xfe ./Middlewares/ST/STM32_USB_Device_Library/Class/CDC/Src/usbd_cdc.o
 .text.USBD_CDC_DeInit
                0x0000000008007df0       0x74 ./Middlewares/ST/STM32_USB_Device_Library/Class/CDC/Src/usbd_cdc.o
 .text.USBD_CDC_Setup
                0x0000000008007e64      0x190 ./Middlewares/ST/STM32_USB_Device_Library/Class/CDC/Src/usbd_cdc.o
 .text.USBD_CDC_DataIn
                0x0000000008007ff4       0xca ./Middlewares/ST/STM32_USB_Device_Library/Class/CDC/Src/usbd_cdc.o
 .text.USBD_CDC_DataOut
                0x00000000080080be       0x56 ./Middlewares/ST/STM32_USB_Device_Library/Class/CDC/Src/usbd_cdc.o
 .text.USBD_CDC_EP0_RxReady
                0x0000000008008114       0x5a ./Middlewares/ST/STM32_USB_Device_Library/Class/CDC/Src/usbd_cdc.o
 *fill*         0x000000000800816e        0x2 
 .text.USBD_CDC_GetFSCfgDesc
                0x0000000008008170       0x20 ./Middlewares/ST/STM32_USB_Device_Library/Class/CDC/Src/usbd_cdc.o
 .text.USBD_CDC_GetHSCfgDesc
                0x0000000008008190       0x20 ./Middlewares/ST/STM32_USB_Device_Library/Class/CDC/Src/usbd_cdc.o
 .text.USBD_CDC_GetOtherSpeedCfgDesc
                0x00000000080081b0       0x20 ./Middlewares/ST/STM32_USB_Device_Library/Class/CDC/Src/usbd_cdc.o
 .text.USBD_CDC_GetDeviceQualifierDescriptor
                0x00000000080081d0       0x20 ./Middlewares/ST/STM32_USB_Device_Library/Class/CDC/Src/usbd_cdc.o
                0x00000000080081d0                USBD_CDC_GetDeviceQualifierDescriptor
 .text.USBD_CDC_RegisterInterface
                0x00000000080081f0       0x2a ./Middlewares/ST/STM32_USB_Device_Library/Class/CDC/Src/usbd_cdc.o
                0x00000000080081f0                USBD_CDC_RegisterInterface
 .text.USBD_CDC_SetTxBuffer
                0x000000000800821a       0x3c ./Middlewares/ST/STM32_USB_Device_Library/Class/CDC/Src/usbd_cdc.o
                0x000000000800821a                USBD_CDC_SetTxBuffer
 .text.USBD_CDC_SetRxBuffer
                0x0000000008008256       0x32 ./Middlewares/ST/STM32_USB_Device_Library/Class/CDC/Src/usbd_cdc.o
                0x0000000008008256                USBD_CDC_SetRxBuffer
 .text.USBD_CDC_TransmitPacket
                0x0000000008008288       0x60 ./Middlewares/ST/STM32_USB_Device_Library/Class/CDC/Src/usbd_cdc.o
                0x0000000008008288                USBD_CDC_TransmitPacket
 .text.USBD_CDC_ReceivePacket
                0x00000000080082e8       0x54 ./Middlewares/ST/STM32_USB_Device_Library/Class/CDC/Src/usbd_cdc.o
                0x00000000080082e8                USBD_CDC_ReceivePacket
 .text.USBD_Init
                0x000000000800833c       0x60 ./Middlewares/ST/STM32_USB_Device_Library/Core/Src/usbd_core.o
                0x000000000800833c                USBD_Init
 .text.USBD_RegisterClass
                0x000000000800839c       0x4e ./Middlewares/ST/STM32_USB_Device_Library/Core/Src/usbd_core.o
                0x000000000800839c                USBD_RegisterClass
 .text.USBD_Start
                0x00000000080083ea       0x18 ./Middlewares/ST/STM32_USB_Device_Library/Core/Src/usbd_core.o
                0x00000000080083ea                USBD_Start
 .text.USBD_RunTestMode
                0x0000000008008402       0x16 ./Middlewares/ST/STM32_USB_Device_Library/Core/Src/usbd_core.o
                0x0000000008008402                USBD_RunTestMode
 .text.USBD_SetClassConfig
                0x0000000008008418       0x38 ./Middlewares/ST/STM32_USB_Device_Library/Core/Src/usbd_core.o
                0x0000000008008418                USBD_SetClassConfig
 .text.USBD_ClrClassConfig
                0x0000000008008450       0x30 ./Middlewares/ST/STM32_USB_Device_Library/Core/Src/usbd_core.o
                0x0000000008008450                USBD_ClrClassConfig
 .text.USBD_LL_SetupStage
                0x0000000008008480       0xaa ./Middlewares/ST/STM32_USB_Device_Library/Core/Src/usbd_core.o
                0x0000000008008480                USBD_LL_SetupStage
 .text.USBD_LL_DataOutStage
                0x000000000800852a       0xc6 ./Middlewares/ST/STM32_USB_Device_Library/Core/Src/usbd_core.o
                0x000000000800852a                USBD_LL_DataOutStage
 .text.USBD_LL_DataInStage
                0x00000000080085f0      0x12c ./Middlewares/ST/STM32_USB_Device_Library/Core/Src/usbd_core.o
                0x00000000080085f0                USBD_LL_DataInStage
 .text.USBD_LL_Reset
                0x000000000800871c       0x9c ./Middlewares/ST/STM32_USB_Device_Library/Core/Src/usbd_core.o
                0x000000000800871c                USBD_LL_Reset
 .text.USBD_LL_SetSpeed
                0x00000000080087b8       0x20 ./Middlewares/ST/STM32_USB_Device_Library/Core/Src/usbd_core.o
                0x00000000080087b8                USBD_LL_SetSpeed
 .text.USBD_LL_Suspend
                0x00000000080087d8       0x2c ./Middlewares/ST/STM32_USB_Device_Library/Core/Src/usbd_core.o
                0x00000000080087d8                USBD_LL_Suspend
 .text.USBD_LL_Resume
                0x0000000008008804       0x30 ./Middlewares/ST/STM32_USB_Device_Library/Core/Src/usbd_core.o
                0x0000000008008804                USBD_LL_Resume
 .text.USBD_LL_SOF
                0x0000000008008834       0x44 ./Middlewares/ST/STM32_USB_Device_Library/Core/Src/usbd_core.o
                0x0000000008008834                USBD_LL_SOF
 .text.SWAPBYTE
                0x0000000008008878       0x3c ./Middlewares/ST/STM32_USB_Device_Library/Core/Src/usbd_ctlreq.o
 .text.USBD_StdDevReq
                0x00000000080088b4       0xdc ./Middlewares/ST/STM32_USB_Device_Library/Core/Src/usbd_ctlreq.o
                0x00000000080088b4                USBD_StdDevReq
 .text.USBD_StdItfReq
                0x0000000008008990       0x92 ./Middlewares/ST/STM32_USB_Device_Library/Core/Src/usbd_ctlreq.o
                0x0000000008008990                USBD_StdItfReq
 .text.USBD_StdEPReq
                0x0000000008008a22      0x2c4 ./Middlewares/ST/STM32_USB_Device_Library/Core/Src/usbd_ctlreq.o
                0x0000000008008a22                USBD_StdEPReq
 *fill*         0x0000000008008ce6        0x2 
 .text.USBD_GetDescriptor
                0x0000000008008ce8      0x328 ./Middlewares/ST/STM32_USB_Device_Library/Core/Src/usbd_ctlreq.o
 .text.USBD_SetAddress
                0x0000000008009010       0x88 ./Middlewares/ST/STM32_USB_Device_Library/Core/Src/usbd_ctlreq.o
 .text.USBD_SetConfig
                0x0000000008009098      0x14c ./Middlewares/ST/STM32_USB_Device_Library/Core/Src/usbd_ctlreq.o
 .text.USBD_GetConfig
                0x00000000080091e4       0x6c ./Middlewares/ST/STM32_USB_Device_Library/Core/Src/usbd_ctlreq.o
 .text.USBD_GetStatus
                0x0000000008009250       0x68 ./Middlewares/ST/STM32_USB_Device_Library/Core/Src/usbd_ctlreq.o
 .text.USBD_SetFeature
                0x00000000080092b8       0x28 ./Middlewares/ST/STM32_USB_Device_Library/Core/Src/usbd_ctlreq.o
 .text.USBD_ClrFeature
                0x00000000080092e0       0x44 ./Middlewares/ST/STM32_USB_Device_Library/Core/Src/usbd_ctlreq.o
 .text.USBD_ParseSetupRequest
                0x0000000008009324       0x74 ./Middlewares/ST/STM32_USB_Device_Library/Core/Src/usbd_ctlreq.o
                0x0000000008009324                USBD_ParseSetupRequest
 .text.USBD_CtlError
                0x0000000008009398       0x22 ./Middlewares/ST/STM32_USB_Device_Library/Core/Src/usbd_ctlreq.o
                0x0000000008009398                USBD_CtlError
 .text.USBD_GetString
                0x00000000080093ba       0x8c ./Middlewares/ST/STM32_USB_Device_Library/Core/Src/usbd_ctlreq.o
                0x00000000080093ba                USBD_GetString
 .text.USBD_GetLen
                0x0000000008009446       0x34 ./Middlewares/ST/STM32_USB_Device_Library/Core/Src/usbd_ctlreq.o
 .text.USBD_CtlSendData
                0x000000000800947a       0x36 ./Middlewares/ST/STM32_USB_Device_Library/Core/Src/usbd_ioreq.o
                0x000000000800947a                USBD_CtlSendData
 .text.USBD_CtlContinueSendData
                0x00000000080094b0       0x22 ./Middlewares/ST/STM32_USB_Device_Library/Core/Src/usbd_ioreq.o
                0x00000000080094b0                USBD_CtlContinueSendData
 .text.USBD_CtlPrepareRx
                0x00000000080094d2       0x3a ./Middlewares/ST/STM32_USB_Device_Library/Core/Src/usbd_ioreq.o
                0x00000000080094d2                USBD_CtlPrepareRx
 .text.USBD_CtlContinueRx
                0x000000000800950c       0x22 ./Middlewares/ST/STM32_USB_Device_Library/Core/Src/usbd_ioreq.o
                0x000000000800950c                USBD_CtlContinueRx
 .text.USBD_CtlSendStatus
                0x000000000800952e       0x26 ./Middlewares/ST/STM32_USB_Device_Library/Core/Src/usbd_ioreq.o
                0x000000000800952e                USBD_CtlSendStatus
 .text.USBD_CtlReceiveStatus
                0x0000000008009554       0x26 ./Middlewares/ST/STM32_USB_Device_Library/Core/Src/usbd_ioreq.o
                0x0000000008009554                USBD_CtlReceiveStatus
 *fill*         0x000000000800957a        0x2 
 .text.MX_USB_Device_Init
                0x000000000800957c       0x60 ./USB_Device/App/usb_device.o
                0x000000000800957c                MX_USB_Device_Init
 .text.CDC_Init_FS
                0x00000000080095dc       0x28 ./USB_Device/App/usbd_cdc_if.o
 .text.CDC_DeInit_FS
                0x0000000008009604       0x10 ./USB_Device/App/usbd_cdc_if.o
 .text.CDC_Control_FS
                0x0000000008009614       0xbc ./USB_Device/App/usbd_cdc_if.o
 .text.CDC_Receive_FS
                0x00000000080096d0       0x64 ./USB_Device/App/usbd_cdc_if.o
 .text.CDC_Transmit_FS
                0x0000000008009734       0x4c ./USB_Device/App/usbd_cdc_if.o
                0x0000000008009734                CDC_Transmit_FS
 .text.CDC_TransmitCplt_FS
                0x0000000008009780       0x22 ./USB_Device/App/usbd_cdc_if.o
 *fill*         0x00000000080097a2        0x2 
 .text.USBD_CDC_DeviceDescriptor
                0x00000000080097a4       0x24 ./USB_Device/App/usbd_desc.o
                0x00000000080097a4                USBD_CDC_DeviceDescriptor
 .text.USBD_CDC_LangIDStrDescriptor
                0x00000000080097c8       0x24 ./USB_Device/App/usbd_desc.o
                0x00000000080097c8                USBD_CDC_LangIDStrDescriptor
 .text.USBD_CDC_ProductStrDescriptor
                0x00000000080097ec       0x3c ./USB_Device/App/usbd_desc.o
                0x00000000080097ec                USBD_CDC_ProductStrDescriptor
 .text.USBD_CDC_ManufacturerStrDescriptor
                0x0000000008009828       0x28 ./USB_Device/App/usbd_desc.o
                0x0000000008009828                USBD_CDC_ManufacturerStrDescriptor
 .text.USBD_CDC_SerialStrDescriptor
                0x0000000008009850       0x24 ./USB_Device/App/usbd_desc.o
                0x0000000008009850                USBD_CDC_SerialStrDescriptor
 .text.USBD_CDC_ConfigStrDescriptor
                0x0000000008009874       0x3c ./USB_Device/App/usbd_desc.o
                0x0000000008009874                USBD_CDC_ConfigStrDescriptor
 .text.USBD_CDC_InterfaceStrDescriptor
                0x00000000080098b0       0x3c ./USB_Device/App/usbd_desc.o
                0x00000000080098b0                USBD_CDC_InterfaceStrDescriptor
 .text.Get_SerialNum
                0x00000000080098ec       0x58 ./USB_Device/App/usbd_desc.o
 .text.IntToUnicode
                0x0000000008009944       0x7e ./USB_Device/App/usbd_desc.o
 *fill*         0x00000000080099c2        0x2 
 .text.HAL_PCD_MspInit
                0x00000000080099c4       0x78 ./USB_Device/Target/usbd_conf.o
                0x00000000080099c4                HAL_PCD_MspInit
 .text.HAL_PCD_SetupStageCallback
                0x0000000008009a3c       0x24 ./USB_Device/Target/usbd_conf.o
                0x0000000008009a3c                HAL_PCD_SetupStageCallback
 .text.HAL_PCD_DataOutStageCallback
                0x0000000008009a60       0x36 ./USB_Device/Target/usbd_conf.o
                0x0000000008009a60                HAL_PCD_DataOutStageCallback
 .text.HAL_PCD_DataInStageCallback
                0x0000000008009a96       0x34 ./USB_Device/Target/usbd_conf.o
                0x0000000008009a96                HAL_PCD_DataInStageCallback
 .text.HAL_PCD_SOFCallback
                0x0000000008009aca       0x1c ./USB_Device/Target/usbd_conf.o
                0x0000000008009aca                HAL_PCD_SOFCallback
 .text.HAL_PCD_ResetCallback
                0x0000000008009ae6       0x3c ./USB_Device/Target/usbd_conf.o
                0x0000000008009ae6                HAL_PCD_ResetCallback
 *fill*         0x0000000008009b22        0x2 
 .text.HAL_PCD_SuspendCallback
                0x0000000008009b24       0x34 ./USB_Device/Target/usbd_conf.o
                0x0000000008009b24                HAL_PCD_SuspendCallback
 .text.HAL_PCD_ResumeCallback
                0x0000000008009b58       0x38 ./USB_Device/Target/usbd_conf.o
                0x0000000008009b58                HAL_PCD_ResumeCallback
 .text.USBD_LL_Init
                0x0000000008009b90       0xc0 ./USB_Device/Target/usbd_conf.o
                0x0000000008009b90                USBD_LL_Init
 .text.USBD_LL_Start
                0x0000000008009c50       0x36 ./USB_Device/Target/usbd_conf.o
                0x0000000008009c50                USBD_LL_Start
 .text.USBD_LL_OpenEP
                0x0000000008009c86       0x4c ./USB_Device/Target/usbd_conf.o
                0x0000000008009c86                USBD_LL_OpenEP
 .text.USBD_LL_CloseEP
                0x0000000008009cd2       0x3e ./USB_Device/Target/usbd_conf.o
                0x0000000008009cd2                USBD_LL_CloseEP
 .text.USBD_LL_StallEP
                0x0000000008009d10       0x3e ./USB_Device/Target/usbd_conf.o
                0x0000000008009d10                USBD_LL_StallEP
 .text.USBD_LL_ClearStallEP
                0x0000000008009d4e       0x3e ./USB_Device/Target/usbd_conf.o
                0x0000000008009d4e                USBD_LL_ClearStallEP
 .text.USBD_LL_IsStallEP
                0x0000000008009d8c       0x5a ./USB_Device/Target/usbd_conf.o
                0x0000000008009d8c                USBD_LL_IsStallEP
 .text.USBD_LL_SetUSBAddress
                0x0000000008009de6       0x3e ./USB_Device/Target/usbd_conf.o
                0x0000000008009de6                USBD_LL_SetUSBAddress
 .text.USBD_LL_Transmit
                0x0000000008009e24       0x42 ./USB_Device/Target/usbd_conf.o
                0x0000000008009e24                USBD_LL_Transmit
 .text.USBD_LL_PrepareReceive
                0x0000000008009e66       0x42 ./USB_Device/Target/usbd_conf.o
                0x0000000008009e66                USBD_LL_PrepareReceive
 .text.USBD_LL_GetRxDataSize
                0x0000000008009ea8       0x26 ./USB_Device/Target/usbd_conf.o
                0x0000000008009ea8                USBD_LL_GetRxDataSize
 *fill*         0x0000000008009ece        0x2 
 .text.HAL_PCDEx_LPM_Callback
                0x0000000008009ed0       0x6c ./USB_Device/Target/usbd_conf.o
                0x0000000008009ed0                HAL_PCDEx_LPM_Callback
 .text.USBD_static_malloc
                0x0000000008009f3c       0x1c ./USB_Device/Target/usbd_conf.o
                0x0000000008009f3c                USBD_static_malloc
 .text.USBD_static_free
                0x0000000008009f58       0x14 ./USB_Device/Target/usbd_conf.o
                0x0000000008009f58                USBD_static_free
 .text.SystemClockConfig_Resume
                0x0000000008009f6c        0xc ./USB_Device/Target/usbd_conf.o
 .text.USBD_Get_USB_Status
                0x0000000008009f78       0x58 ./USB_Device/Target/usbd_conf.o
 .text.memset   0x0000000008009fd0       0x10 D:/Documents/STM32CubeIDE/STM32CubeIDE/plugins/com.st.stm32cube.ide.mcu.externaltools.gnu-tools-for-stm32.11.3.rel1.win32_1.1.0.202305231506/tools/bin/../lib/gcc/arm-none-eabi/11.3.1/../../../../arm-none-eabi/lib/thumb/v7e-m+fp/hard\libc_nano.a(libc_a-memset.o)
                0x0000000008009fd0                memset
 .text.__libc_init_array
                0x0000000008009fe0       0x48 D:/Documents/STM32CubeIDE/STM32CubeIDE/plugins/com.st.stm32cube.ide.mcu.externaltools.gnu-tools-for-stm32.11.3.rel1.win32_1.1.0.202305231506/tools/bin/../lib/gcc/arm-none-eabi/11.3.1/../../../../arm-none-eabi/lib/thumb/v7e-m+fp/hard\libc_nano.a(libc_a-init.o)
                0x0000000008009fe0                __libc_init_array
 .text.memcpy   0x000000000800a028       0x1c D:/Documents/STM32CubeIDE/STM32CubeIDE/plugins/com.st.stm32cube.ide.mcu.externaltools.gnu-tools-for-stm32.11.3.rel1.win32_1.1.0.202305231506/tools/bin/../lib/gcc/arm-none-eabi/11.3.1/../../../../arm-none-eabi/lib/thumb/v7e-m+fp/hard\libc_nano.a(libc_a-memcpy-stub.o)
                0x000000000800a028                memcpy
 *(.glue_7)
 .glue_7        0x000000000800a044        0x0 linker stubs
 *(.glue_7t)
 .glue_7t       0x000000000800a044        0x0 linker stubs
 *(.eh_frame)
 .eh_frame      0x000000000800a044        0x0 D:/Documents/STM32CubeIDE/STM32CubeIDE/plugins/com.st.stm32cube.ide.mcu.externaltools.gnu-tools-for-stm32.11.3.rel1.win32_1.1.0.202305231506/tools/bin/../lib/gcc/arm-none-eabi/11.3.1/thumb/v7e-m+fp/hard/crtbegin.o
 *(.init)
 .init          0x000000000800a044        0x4 D:/Documents/STM32CubeIDE/STM32CubeIDE/plugins/com.st.stm32cube.ide.mcu.externaltools.gnu-tools-for-stm32.11.3.rel1.win32_1.1.0.202305231506/tools/bin/../lib/gcc/arm-none-eabi/11.3.1/thumb/v7e-m+fp/hard/crti.o
                0x000000000800a044                _init
 .init          0x000000000800a048        0x8 D:/Documents/STM32CubeIDE/STM32CubeIDE/plugins/com.st.stm32cube.ide.mcu.externaltools.gnu-tools-for-stm32.11.3.rel1.win32_1.1.0.202305231506/tools/bin/../lib/gcc/arm-none-eabi/11.3.1/thumb/v7e-m+fp/hard/crtn.o
 *(.fini)
 .fini          0x000000000800a050        0x4 D:/Documents/STM32CubeIDE/STM32CubeIDE/plugins/com.st.stm32cube.ide.mcu.externaltools.gnu-tools-for-stm32.11.3.rel1.win32_1.1.0.202305231506/tools/bin/../lib/gcc/arm-none-eabi/11.3.1/thumb/v7e-m+fp/hard/crti.o
                0x000000000800a050                _fini
 .fini          0x000000000800a054        0x8 D:/Documents/STM32CubeIDE/STM32CubeIDE/plugins/com.st.stm32cube.ide.mcu.externaltools.gnu-tools-for-stm32.11.3.rel1.win32_1.1.0.202305231506/tools/bin/../lib/gcc/arm-none-eabi/11.3.1/thumb/v7e-m+fp/hard/crtn.o
                0x000000000800a05c                . = ALIGN (0x4)
                0x000000000800a05c                _etext = .

.vfp11_veneer   0x000000000800a05c        0x0
 .vfp11_veneer  0x000000000800a05c        0x0 linker stubs

.v4_bx          0x000000000800a05c        0x0
 .v4_bx         0x000000000800a05c        0x0 linker stubs

.iplt           0x000000000800a05c        0x0
 .iplt          0x000000000800a05c        0x0 D:/Documents/STM32CubeIDE/STM32CubeIDE/plugins/com.st.stm32cube.ide.mcu.externaltools.gnu-tools-for-stm32.11.3.rel1.win32_1.1.0.202305231506/tools/bin/../lib/gcc/arm-none-eabi/11.3.1/thumb/v7e-m+fp/hard/crtbegin.o

.rodata         0x000000000800a05c       0x94
                0x000000000800a05c                . = ALIGN (0x4)
 *(.rodata)
 .rodata        0x000000000800a05c       0x42 ./USB_Device/App/usbd_desc.o
 *(.rodata*)
 *fill*         0x000000000800a09e        0x2 
 .rodata.AHBPrescTable
                0x000000000800a0a0       0x10 ./Core/Src/system_stm32g4xx.o
                0x000000000800a0a0                AHBPrescTable
 .rodata.APBPrescTable
                0x000000000800a0b0        0x8 ./Core/Src/system_stm32g4xx.o
                0x000000000800a0b0                APBPrescTable
 .rodata.DLCtoBytes
                0x000000000800a0b8       0x10 ./Drivers/STM32G4xx_HAL_Driver/Src/stm32g4xx_hal_fdcan.o
 .rodata.UARTPrescTable
                0x000000000800a0c8       0x18 ./Drivers/STM32G4xx_HAL_Driver/Src/stm32g4xx_hal_uart.o
                0x000000000800a0c8                UARTPrescTable
 .rodata.numerator.1
                0x000000000800a0e0        0x8 ./Drivers/STM32G4xx_HAL_Driver/Src/stm32g4xx_hal_uart_ex.o
 .rodata.denominator.0
                0x000000000800a0e8        0x8 ./Drivers/STM32G4xx_HAL_Driver/Src/stm32g4xx_hal_uart_ex.o
                0x000000000800a0f0                . = ALIGN (0x4)

.ARM.extab      0x000000000800a0f0        0x0
                0x000000000800a0f0                . = ALIGN (0x4)
 *(.ARM.extab* .gnu.linkonce.armextab.*)
                0x000000000800a0f0                . = ALIGN (0x4)

.ARM            0x000000000800a0f0        0x8
                0x000000000800a0f0                . = ALIGN (0x4)
                0x000000000800a0f0                __exidx_start = .
 *(.ARM.exidx*)
 .ARM.exidx     0x000000000800a0f0        0x8 D:/Documents/STM32CubeIDE/STM32CubeIDE/plugins/com.st.stm32cube.ide.mcu.externaltools.gnu-tools-for-stm32.11.3.rel1.win32_1.1.0.202305231506/tools/bin/../lib/gcc/arm-none-eabi/11.3.1/thumb/v7e-m+fp/hard\libgcc.a(_udivmoddi4.o)
                0x000000000800a0f8                __exidx_end = .
                0x000000000800a0f8                . = ALIGN (0x4)

.rel.dyn        0x000000000800a0f8        0x0
 .rel.iplt      0x000000000800a0f8        0x0 D:/Documents/STM32CubeIDE/STM32CubeIDE/plugins/com.st.stm32cube.ide.mcu.externaltools.gnu-tools-for-stm32.11.3.rel1.win32_1.1.0.202305231506/tools/bin/../lib/gcc/arm-none-eabi/11.3.1/thumb/v7e-m+fp/hard/crtbegin.o

.preinit_array  0x000000000800a0f8        0x0
                0x000000000800a0f8                . = ALIGN (0x4)
                0x000000000800a0f8                PROVIDE (__preinit_array_start = .)
 *(.preinit_array*)
                0x000000000800a0f8                PROVIDE (__preinit_array_end = .)
                0x000000000800a0f8                . = ALIGN (0x4)

.init_array     0x000000000800a0f8        0x4
                0x000000000800a0f8                . = ALIGN (0x4)
                0x000000000800a0f8                PROVIDE (__init_array_start = .)
 *(SORT_BY_NAME(.init_array.*))
 *(.init_array*)
 .init_array    0x000000000800a0f8        0x4 D:/Documents/STM32CubeIDE/STM32CubeIDE/plugins/com.st.stm32cube.ide.mcu.externaltools.gnu-tools-for-stm32.11.3.rel1.win32_1.1.0.202305231506/tools/bin/../lib/gcc/arm-none-eabi/11.3.1/thumb/v7e-m+fp/hard/crtbegin.o
                0x000000000800a0fc                PROVIDE (__init_array_end = .)
                0x000000000800a0fc                . = ALIGN (0x4)

.fini_array     0x000000000800a0fc        0x4
                0x000000000800a0fc                . = ALIGN (0x4)
                [!provide]                        PROVIDE (__fini_array_start = .)
 *(SORT_BY_NAME(.fini_array.*))
 *(.fini_array*)
 .fini_array    0x000000000800a0fc        0x4 D:/Documents/STM32CubeIDE/STM32CubeIDE/plugins/com.st.stm32cube.ide.mcu.externaltools.gnu-tools-for-stm32.11.3.rel1.win32_1.1.0.202305231506/tools/bin/../lib/gcc/arm-none-eabi/11.3.1/thumb/v7e-m+fp/hard/crtbegin.o
                [!provide]                        PROVIDE (__fini_array_end = .)
                0x000000000800a100                . = ALIGN (0x4)
                0x000000000800a100                _sidata = LOADADDR (.data)

.data           0x0000000020000000      0x184 load address 0x000000000800a100
                0x0000000020000000                . = ALIGN (0x4)
                0x0000000020000000                _sdata = .
 *(.data)
 *(.data*)
 .data.SystemCoreClock
                0x0000000020000000        0x4 ./Core/Src/system_stm32g4xx.o
                0x0000000020000000                SystemCoreClock
 .data.uwTickPrio
                0x0000000020000004        0x4 ./Drivers/STM32G4xx_HAL_Driver/Src/stm32g4xx_hal.o
                0x0000000020000004                uwTickPrio
 .data.uwTickFreq
                0x0000000020000008        0x4 ./Drivers/STM32G4xx_HAL_Driver/Src/stm32g4xx_hal.o
                0x0000000020000008                uwTickFreq
 .data.USBD_CDC_DeviceQualifierDesc
                0x000000002000000c        0xa ./Middlewares/ST/STM32_USB_Device_Library/Class/CDC/Src/usbd_cdc.o
 *fill*         0x0000000020000016        0x2 
 .data.USBD_CDC
                0x0000000020000018       0x38 ./Middlewares/ST/STM32_USB_Device_Library/Class/CDC/Src/usbd_cdc.o
                0x0000000020000018                USBD_CDC
 .data.USBD_CDC_CfgHSDesc
                0x0000000020000050       0x43 ./Middlewares/ST/STM32_USB_Device_Library/Class/CDC/Src/usbd_cdc.o
 *fill*         0x0000000020000093        0x1 
 .data.USBD_CDC_CfgFSDesc
                0x0000000020000094       0x43 ./Middlewares/ST/STM32_USB_Device_Library/Class/CDC/Src/usbd_cdc.o
 *fill*         0x00000000200000d7        0x1 
 .data.USBD_CDC_OtherSpeedCfgDesc
                0x00000000200000d8       0x43 ./Middlewares/ST/STM32_USB_Device_Library/Class/CDC/Src/usbd_cdc.o
 *fill*         0x000000002000011b        0x1 
 .data.USBD_Interface_fops_FS
                0x000000002000011c       0x14 ./USB_Device/App/usbd_cdc_if.o
                0x000000002000011c                USBD_Interface_fops_FS
 .data.CDC_Desc
                0x0000000020000130       0x20 ./USB_Device/App/usbd_desc.o
                0x0000000020000130                CDC_Desc
 .data.USBD_CDC_DeviceDesc
                0x0000000020000150       0x12 ./USB_Device/App/usbd_desc.o
                0x0000000020000150                USBD_CDC_DeviceDesc
 *fill*         0x0000000020000162        0x2 
 .data.USBD_LangIDDesc
                0x0000000020000164        0x4 ./USB_Device/App/usbd_desc.o
                0x0000000020000164                USBD_LangIDDesc
 .data.USBD_StringSerial
                0x0000000020000168       0x1a ./USB_Device/App/usbd_desc.o
                0x0000000020000168                USBD_StringSerial
 *(.RamFunc)
 *(.RamFunc*)
                0x0000000020000184                . = ALIGN (0x4)
 *fill*         0x0000000020000182        0x2 
                0x0000000020000184                _edata = .

.igot.plt       0x0000000020000184        0x0 load address 0x000000000800a284
 .igot.plt      0x0000000020000184        0x0 D:/Documents/STM32CubeIDE/STM32CubeIDE/plugins/com.st.stm32cube.ide.mcu.externaltools.gnu-tools-for-stm32.11.3.rel1.win32_1.1.0.202305231506/tools/bin/../lib/gcc/arm-none-eabi/11.3.1/thumb/v7e-m+fp/hard/crtbegin.o
                0x0000000020000184                . = ALIGN (0x4)

.bss            0x0000000020000184      0xd28 load address 0x000000000800a284
                0x0000000020000184                _sbss = .
                0x0000000020000184                __bss_start__ = _sbss
 *(.bss)
 .bss           0x0000000020000184       0x1c D:/Documents/STM32CubeIDE/STM32CubeIDE/plugins/com.st.stm32cube.ide.mcu.externaltools.gnu-tools-for-stm32.11.3.rel1.win32_1.1.0.202305231506/tools/bin/../lib/gcc/arm-none-eabi/11.3.1/thumb/v7e-m+fp/hard/crtbegin.o
 *(.bss*)
 .bss.usb_rx_size
                0x00000000200001a0        0x2 ./Core/Src/app.o
                0x00000000200001a0                usb_rx_size
 *fill*         0x00000000200001a2        0x2 
 .bss.usb_rx_buffer
                0x00000000200001a4       0x80 ./Core/Src/app.o
                0x00000000200001a4                usb_rx_buffer
 .bss.usb_tx_size
                0x0000000020000224        0x2 ./Core/Src/app.o
                0x0000000020000224                usb_tx_size
 *fill*         0x0000000020000226        0x2 
 .bss.usb_tx_buffer
                0x0000000020000228       0x80 ./Core/Src/app.o
                0x0000000020000228                usb_tx_buffer
 .bss.can_rx_frame
                0x00000000200002a8       0x10 ./Core/Src/app.o
                0x00000000200002a8                can_rx_frame
 .bss.can_tx_frame
                0x00000000200002b8       0x10 ./Core/Src/app.o
                0x00000000200002b8                can_tx_frame
 .bss.usb_evt_happened
                0x00000000200002c8        0x1 ./Core/Src/app.o
                0x00000000200002c8                usb_evt_happened
 .bss.can_evt_happened
                0x00000000200002c9        0x1 ./Core/Src/app.o
                0x00000000200002c9                can_evt_happened
 *fill*         0x00000000200002ca        0x2 
 .bss.hfdcan1   0x00000000200002cc       0x64 ./Core/Src/main.o
                0x00000000200002cc                hfdcan1
 .bss.huart2    0x0000000020000330       0x90 ./Core/Src/main.o
                0x0000000020000330                huart2
 .bss.uwTick    0x00000000200003c0        0x4 ./Drivers/STM32G4xx_HAL_Driver/Src/stm32g4xx_hal.o
                0x00000000200003c0                uwTick
 .bss.cfgidx.0  0x00000000200003c4        0x1 ./Middlewares/ST/STM32_USB_Device_Library/Core/Src/usbd_ctlreq.o
 *fill*         0x00000000200003c5        0x3 
 .bss.hUsbDeviceFS
                0x00000000200003c8      0x2d0 ./USB_Device/App/usb_device.o
                0x00000000200003c8                hUsbDeviceFS
 .bss.UserRxBufferFS
                0x0000000020000698       0x80 ./USB_Device/App/usbd_cdc_if.o
                0x0000000020000698                UserRxBufferFS
 .bss.UserTxBufferFS
                0x0000000020000718       0x80 ./USB_Device/App/usbd_cdc_if.o
                0x0000000020000718                UserTxBufferFS
 .bss.USBD_StrDesc
                0x0000000020000798      0x200 ./USB_Device/App/usbd_desc.o
                0x0000000020000798                USBD_StrDesc
 .bss.hpcd_USB_FS
                0x0000000020000998      0x2f4 ./USB_Device/Target/usbd_conf.o
                0x0000000020000998                hpcd_USB_FS
 .bss.mem.0     0x0000000020000c8c      0x220 ./USB_Device/Target/usbd_conf.o
 *(COMMON)
                0x0000000020000eac                . = ALIGN (0x4)
                0x0000000020000eac                _ebss = .
                0x0000000020000eac                __bss_end__ = _ebss

._user_heap_stack
                0x0000000020000eac      0x604 load address 0x000000000800a284
                0x0000000020000eb0                . = ALIGN (0x8)
 *fill*         0x0000000020000eac        0x4 
                [!provide]                        PROVIDE (end = .)
                0x0000000020000eb0                PROVIDE (_end = .)
                0x00000000200010b0                . = (. + _Min_Heap_Size)
 *fill*         0x0000000020000eb0      0x200 
                0x00000000200014b0                . = (. + _Min_Stack_Size)
 *fill*         0x00000000200010b0      0x400 
                0x00000000200014b0                . = ALIGN (0x8)

/DISCARD/
 libc.a(*)
 libm.a(*)
 libgcc.a(*)

.ARM.attributes
                0x0000000000000000       0x30
 *(.ARM.attributes)
 .ARM.attributes
                0x0000000000000000       0x1e D:/Documents/STM32CubeIDE/STM32CubeIDE/plugins/com.st.stm32cube.ide.mcu.externaltools.gnu-tools-for-stm32.11.3.rel1.win32_1.1.0.202305231506/tools/bin/../lib/gcc/arm-none-eabi/11.3.1/thumb/v7e-m+fp/hard/crti.o
 .ARM.attributes
                0x000000000000001e       0x34 D:/Documents/STM32CubeIDE/STM32CubeIDE/plugins/com.st.stm32cube.ide.mcu.externaltools.gnu-tools-for-stm32.11.3.rel1.win32_1.1.0.202305231506/tools/bin/../lib/gcc/arm-none-eabi/11.3.1/thumb/v7e-m+fp/hard/crtbegin.o
 .ARM.attributes
                0x0000000000000052       0x34 ./Core/Src/app.o
 .ARM.attributes
                0x0000000000000086       0x34 ./Core/Src/can.o
 .ARM.attributes
                0x00000000000000ba       0x34 ./Core/Src/main.o
 .ARM.attributes
                0x00000000000000ee       0x34 ./Core/Src/stm32g4xx_hal_msp.o
 .ARM.attributes
                0x0000000000000122       0x34 ./Core/Src/stm32g4xx_it.o
 .ARM.attributes
                0x0000000000000156       0x34 ./Core/Src/system_stm32g4xx.o
 .ARM.attributes
                0x000000000000018a       0x21 ./Core/Startup/startup_stm32g431cbtx.o
 .ARM.attributes
                0x00000000000001ab       0x34 ./Drivers/STM32G4xx_HAL_Driver/Src/stm32g4xx_hal.o
 .ARM.attributes
                0x00000000000001df       0x34 ./Drivers/STM32G4xx_HAL_Driver/Src/stm32g4xx_hal_cortex.o
 .ARM.attributes
                0x0000000000000213       0x34 ./Drivers/STM32G4xx_HAL_Driver/Src/stm32g4xx_hal_fdcan.o
 .ARM.attributes
                0x0000000000000247       0x34 ./Drivers/STM32G4xx_HAL_Driver/Src/stm32g4xx_hal_gpio.o
 .ARM.attributes
                0x000000000000027b       0x34 ./Drivers/STM32G4xx_HAL_Driver/Src/stm32g4xx_hal_pcd.o
 .ARM.attributes
                0x00000000000002af       0x34 ./Drivers/STM32G4xx_HAL_Driver/Src/stm32g4xx_hal_pcd_ex.o
 .ARM.attributes
                0x00000000000002e3       0x34 ./Drivers/STM32G4xx_HAL_Driver/Src/stm32g4xx_hal_pwr_ex.o
 .ARM.attributes
                0x0000000000000317       0x34 ./Drivers/STM32G4xx_HAL_Driver/Src/stm32g4xx_hal_rcc.o
 .ARM.attributes
                0x000000000000034b       0x34 ./Drivers/STM32G4xx_HAL_Driver/Src/stm32g4xx_hal_rcc_ex.o
 .ARM.attributes
                0x000000000000037f       0x34 ./Drivers/STM32G4xx_HAL_Driver/Src/stm32g4xx_hal_uart.o
 .ARM.attributes
                0x00000000000003b3       0x34 ./Drivers/STM32G4xx_HAL_Driver/Src/stm32g4xx_hal_uart_ex.o
 .ARM.attributes
                0x00000000000003e7       0x34 ./Drivers/STM32G4xx_HAL_Driver/Src/stm32g4xx_ll_usb.o
 .ARM.attributes
                0x000000000000041b       0x34 ./Middlewares/ST/STM32_USB_Device_Library/Class/CDC/Src/usbd_cdc.o
 .ARM.attributes
                0x000000000000044f       0x34 ./Middlewares/ST/STM32_USB_Device_Library/Core/Src/usbd_core.o
 .ARM.attributes
                0x0000000000000483       0x34 ./Middlewares/ST/STM32_USB_Device_Library/Core/Src/usbd_ctlreq.o
 .ARM.attributes
                0x00000000000004b7       0x34 ./Middlewares/ST/STM32_USB_Device_Library/Core/Src/usbd_ioreq.o
 .ARM.attributes
                0x00000000000004eb       0x34 ./USB_Device/App/usb_device.o
 .ARM.attributes
                0x000000000000051f       0x34 ./USB_Device/App/usbd_cdc_if.o
 .ARM.attributes
                0x0000000000000553       0x34 ./USB_Device/App/usbd_desc.o
 .ARM.attributes
                0x0000000000000587       0x34 ./USB_Device/Target/usbd_conf.o
 .ARM.attributes
                0x00000000000005bb       0x34 D:/Documents/STM32CubeIDE/STM32CubeIDE/plugins/com.st.stm32cube.ide.mcu.externaltools.gnu-tools-for-stm32.11.3.rel1.win32_1.1.0.202305231506/tools/bin/../lib/gcc/arm-none-eabi/11.3.1/../../../../arm-none-eabi/lib/thumb/v7e-m+fp/hard\libc_nano.a(libc_a-memset.o)
 .ARM.attributes
                0x00000000000005ef       0x34 D:/Documents/STM32CubeIDE/STM32CubeIDE/plugins/com.st.stm32cube.ide.mcu.externaltools.gnu-tools-for-stm32.11.3.rel1.win32_1.1.0.202305231506/tools/bin/../lib/gcc/arm-none-eabi/11.3.1/../../../../arm-none-eabi/lib/thumb/v7e-m+fp/hard\libc_nano.a(libc_a-init.o)
 .ARM.attributes
                0x0000000000000623       0x34 D:/Documents/STM32CubeIDE/STM32CubeIDE/plugins/com.st.stm32cube.ide.mcu.externaltools.gnu-tools-for-stm32.11.3.rel1.win32_1.1.0.202305231506/tools/bin/../lib/gcc/arm-none-eabi/11.3.1/../../../../arm-none-eabi/lib/thumb/v7e-m+fp/hard\libc_nano.a(libc_a-memcpy-stub.o)
 .ARM.attributes
                0x0000000000000657       0x1e D:/Documents/STM32CubeIDE/STM32CubeIDE/plugins/com.st.stm32cube.ide.mcu.externaltools.gnu-tools-for-stm32.11.3.rel1.win32_1.1.0.202305231506/tools/bin/../lib/gcc/arm-none-eabi/11.3.1/thumb/v7e-m+fp/hard\libgcc.a(_aeabi_uldivmod.o)
 .ARM.attributes
                0x0000000000000675       0x34 D:/Documents/STM32CubeIDE/STM32CubeIDE/plugins/com.st.stm32cube.ide.mcu.externaltools.gnu-tools-for-stm32.11.3.rel1.win32_1.1.0.202305231506/tools/bin/../lib/gcc/arm-none-eabi/11.3.1/thumb/v7e-m+fp/hard\libgcc.a(_udivmoddi4.o)
 .ARM.attributes
                0x00000000000006a9       0x1e D:/Documents/STM32CubeIDE/STM32CubeIDE/plugins/com.st.stm32cube.ide.mcu.externaltools.gnu-tools-for-stm32.11.3.rel1.win32_1.1.0.202305231506/tools/bin/../lib/gcc/arm-none-eabi/11.3.1/thumb/v7e-m+fp/hard\libgcc.a(_dvmd_tls.o)
 .ARM.attributes
                0x00000000000006c7       0x1e D:/Documents/STM32CubeIDE/STM32CubeIDE/plugins/com.st.stm32cube.ide.mcu.externaltools.gnu-tools-for-stm32.11.3.rel1.win32_1.1.0.202305231506/tools/bin/../lib/gcc/arm-none-eabi/11.3.1/thumb/v7e-m+fp/hard/crtn.o
OUTPUT(Recoil-USB-CAN-Adapter-G431.elf elf32-littlearm)
LOAD linker stubs
LOAD D:/Documents/STM32CubeIDE/STM32CubeIDE/plugins/com.st.stm32cube.ide.mcu.externaltools.gnu-tools-for-stm32.11.3.rel1.win32_1.1.0.202305231506/tools/bin/../lib/gcc/arm-none-eabi/11.3.1/../../../../arm-none-eabi/lib/thumb/v7e-m+fp/hard\libc.a
LOAD D:/Documents/STM32CubeIDE/STM32CubeIDE/plugins/com.st.stm32cube.ide.mcu.externaltools.gnu-tools-for-stm32.11.3.rel1.win32_1.1.0.202305231506/tools/bin/../lib/gcc/arm-none-eabi/11.3.1/../../../../arm-none-eabi/lib/thumb/v7e-m+fp/hard\libm.a
LOAD D:/Documents/STM32CubeIDE/STM32CubeIDE/plugins/com.st.stm32cube.ide.mcu.externaltools.gnu-tools-for-stm32.11.3.rel1.win32_1.1.0.202305231506/tools/bin/../lib/gcc/arm-none-eabi/11.3.1/thumb/v7e-m+fp/hard\libgcc.a

.comment        0x0000000000000000       0x43
 .comment       0x0000000000000000       0x43 D:/Documents/STM32CubeIDE/STM32CubeIDE/plugins/com.st.stm32cube.ide.mcu.externaltools.gnu-tools-for-stm32.11.3.rel1.win32_1.1.0.202305231506/tools/bin/../lib/gcc/arm-none-eabi/11.3.1/thumb/v7e-m+fp/hard/crtbegin.o
                                         0x44 (size before relaxing)
 .comment       0x0000000000000043       0x44 ./Core/Src/app.o
 .comment       0x0000000000000043       0x44 ./Core/Src/can.o
 .comment       0x0000000000000043       0x44 ./Core/Src/main.o
 .comment       0x0000000000000043       0x44 ./Core/Src/stm32g4xx_hal_msp.o
 .comment       0x0000000000000043       0x44 ./Core/Src/stm32g4xx_it.o
 .comment       0x0000000000000043       0x44 ./Core/Src/system_stm32g4xx.o
 .comment       0x0000000000000043       0x44 ./Drivers/STM32G4xx_HAL_Driver/Src/stm32g4xx_hal.o
 .comment       0x0000000000000043       0x44 ./Drivers/STM32G4xx_HAL_Driver/Src/stm32g4xx_hal_cortex.o
 .comment       0x0000000000000043       0x44 ./Drivers/STM32G4xx_HAL_Driver/Src/stm32g4xx_hal_fdcan.o
 .comment       0x0000000000000043       0x44 ./Drivers/STM32G4xx_HAL_Driver/Src/stm32g4xx_hal_gpio.o
 .comment       0x0000000000000043       0x44 ./Drivers/STM32G4xx_HAL_Driver/Src/stm32g4xx_hal_pcd.o
 .comment       0x0000000000000043       0x44 ./Drivers/STM32G4xx_HAL_Driver/Src/stm32g4xx_hal_pcd_ex.o
 .comment       0x0000000000000043       0x44 ./Drivers/STM32G4xx_HAL_Driver/Src/stm32g4xx_hal_pwr_ex.o
 .comment       0x0000000000000043       0x44 ./Drivers/STM32G4xx_HAL_Driver/Src/stm32g4xx_hal_rcc.o
 .comment       0x0000000000000043       0x44 ./Drivers/STM32G4xx_HAL_Driver/Src/stm32g4xx_hal_rcc_ex.o
 .comment       0x0000000000000043       0x44 ./Drivers/STM32G4xx_HAL_Driver/Src/stm32g4xx_hal_uart.o
 .comment       0x0000000000000043       0x44 ./Drivers/STM32G4xx_HAL_Driver/Src/stm32g4xx_hal_uart_ex.o
 .comment       0x0000000000000043       0x44 ./Drivers/STM32G4xx_HAL_Driver/Src/stm32g4xx_ll_usb.o
 .comment       0x0000000000000043       0x44 ./Middlewares/ST/STM32_USB_Device_Library/Class/CDC/Src/usbd_cdc.o
 .comment       0x0000000000000043       0x44 ./Middlewares/ST/STM32_USB_Device_Library/Core/Src/usbd_core.o
 .comment       0x0000000000000043       0x44 ./Middlewares/ST/STM32_USB_Device_Library/Core/Src/usbd_ctlreq.o
 .comment       0x0000000000000043       0x44 ./Middlewares/ST/STM32_USB_Device_Library/Core/Src/usbd_ioreq.o
 .comment       0x0000000000000043       0x44 ./USB_Device/App/usb_device.o
 .comment       0x0000000000000043       0x44 ./USB_Device/App/usbd_cdc_if.o
 .comment       0x0000000000000043       0x44 ./USB_Device/App/usbd_desc.o
 .comment       0x0000000000000043       0x44 ./USB_Device/Target/usbd_conf.o

.debug_info     0x0000000000000000    0x193ed
 .debug_info    0x0000000000000000     0x11fa ./Core/Src/app.o
 .debug_info    0x00000000000011fa      0x922 ./Core/Src/can.o
 .debug_info    0x0000000000001b1c     0x134e ./Core/Src/main.o
 .debug_info    0x0000000000002e6a     0x148d ./Core/Src/stm32g4xx_hal_msp.o
 .debug_info    0x00000000000042f7      0xb42 ./Core/Src/stm32g4xx_it.o
 .debug_info    0x0000000000004e39      0x58e ./Core/Src/system_stm32g4xx.o
 .debug_info    0x00000000000053c7       0x23 ./Core/Startup/startup_stm32g431cbtx.o
 .debug_info    0x00000000000053ea      0xa99 ./Drivers/STM32G4xx_HAL_Driver/Src/stm32g4xx_hal.o
 .debug_info    0x0000000000005e83      0xcf3 ./Drivers/STM32G4xx_HAL_Driver/Src/stm32g4xx_hal_cortex.o
 .debug_info    0x0000000000006b76     0x184c ./Drivers/STM32G4xx_HAL_Driver/Src/stm32g4xx_hal_fdcan.o
 .debug_info    0x00000000000083c2      0x763 ./Drivers/STM32G4xx_HAL_Driver/Src/stm32g4xx_hal_gpio.o
 .debug_info    0x0000000000008b25     0x1578 ./Drivers/STM32G4xx_HAL_Driver/Src/stm32g4xx_hal_pcd.o
 .debug_info    0x000000000000a09d      0x815 ./Drivers/STM32G4xx_HAL_Driver/Src/stm32g4xx_hal_pcd_ex.o
 .debug_info    0x000000000000a8b2      0x93f ./Drivers/STM32G4xx_HAL_Driver/Src/stm32g4xx_hal_pwr_ex.o
 .debug_info    0x000000000000b1f1      0xb82 ./Drivers/STM32G4xx_HAL_Driver/Src/stm32g4xx_hal_rcc.o
 .debug_info    0x000000000000bd73      0xc15 ./Drivers/STM32G4xx_HAL_Driver/Src/stm32g4xx_hal_rcc_ex.o
 .debug_info    0x000000000000c988     0x46a0 ./Drivers/STM32G4xx_HAL_Driver/Src/stm32g4xx_hal_uart.o
 .debug_info    0x0000000000011028      0xf83 ./Drivers/STM32G4xx_HAL_Driver/Src/stm32g4xx_hal_uart_ex.o
 .debug_info    0x0000000000011fab     0x1548 ./Drivers/STM32G4xx_HAL_Driver/Src/stm32g4xx_ll_usb.o
 .debug_info    0x00000000000134f3     0x1131 ./Middlewares/ST/STM32_USB_Device_Library/Class/CDC/Src/usbd_cdc.o
 .debug_info    0x0000000000014624      0xb1b ./Middlewares/ST/STM32_USB_Device_Library/Core/Src/usbd_core.o
 .debug_info    0x000000000001513f      0xa57 ./Middlewares/ST/STM32_USB_Device_Library/Core/Src/usbd_ctlreq.o
 .debug_info    0x0000000000015b96      0x720 ./Middlewares/ST/STM32_USB_Device_Library/Core/Src/usbd_ioreq.o
 .debug_info    0x00000000000162b6      0x6d7 ./USB_Device/App/usb_device.o
 .debug_info    0x000000000001698d      0x942 ./USB_Device/App/usbd_cdc_if.o
 .debug_info    0x00000000000172cf      0x45f ./USB_Device/App/usbd_desc.o
 .debug_info    0x000000000001772e     0x1cbf ./USB_Device/Target/usbd_conf.o

.debug_abbrev   0x0000000000000000     0x3b3c
 .debug_abbrev  0x0000000000000000      0x249 ./Core/Src/app.o
 .debug_abbrev  0x0000000000000249      0x178 ./Core/Src/can.o
 .debug_abbrev  0x00000000000003c1      0x29d ./Core/Src/main.o
 .debug_abbrev  0x000000000000065e      0x1d6 ./Core/Src/stm32g4xx_hal_msp.o
 .debug_abbrev  0x0000000000000834      0x192 ./Core/Src/stm32g4xx_it.o
 .debug_abbrev  0x00000000000009c6      0x11a ./Core/Src/system_stm32g4xx.o
 .debug_abbrev  0x0000000000000ae0       0x12 ./Core/Startup/startup_stm32g431cbtx.o
 .debug_abbrev  0x0000000000000af2      0x271 ./Drivers/STM32G4xx_HAL_Driver/Src/stm32g4xx_hal.o
 .debug_abbrev  0x0000000000000d63      0x31c ./Drivers/STM32G4xx_HAL_Driver/Src/stm32g4xx_hal_cortex.o
 .debug_abbrev  0x000000000000107f      0x1de ./Drivers/STM32G4xx_HAL_Driver/Src/stm32g4xx_hal_fdcan.o
 .debug_abbrev  0x000000000000125d      0x1cb ./Drivers/STM32G4xx_HAL_Driver/Src/stm32g4xx_hal_gpio.o
 .debug_abbrev  0x0000000000001428      0x2b2 ./Drivers/STM32G4xx_HAL_Driver/Src/stm32g4xx_hal_pcd.o
 .debug_abbrev  0x00000000000016da      0x22a ./Drivers/STM32G4xx_HAL_Driver/Src/stm32g4xx_hal_pcd_ex.o
 .debug_abbrev  0x0000000000001904      0x22c ./Drivers/STM32G4xx_HAL_Driver/Src/stm32g4xx_hal_pwr_ex.o
 .debug_abbrev  0x0000000000001b30      0x2c9 ./Drivers/STM32G4xx_HAL_Driver/Src/stm32g4xx_hal_rcc.o
 .debug_abbrev  0x0000000000001df9      0x258 ./Drivers/STM32G4xx_HAL_Driver/Src/stm32g4xx_hal_rcc_ex.o
 .debug_abbrev  0x0000000000002051      0x304 ./Drivers/STM32G4xx_HAL_Driver/Src/stm32g4xx_hal_uart.o
 .debug_abbrev  0x0000000000002355      0x2d3 ./Drivers/STM32G4xx_HAL_Driver/Src/stm32g4xx_hal_uart_ex.o
 .debug_abbrev  0x0000000000002628      0x23f ./Drivers/STM32G4xx_HAL_Driver/Src/stm32g4xx_ll_usb.o
 .debug_abbrev  0x0000000000002867      0x2bc ./Middlewares/ST/STM32_USB_Device_Library/Class/CDC/Src/usbd_cdc.o
 .debug_abbrev  0x0000000000002b23      0x24f ./Middlewares/ST/STM32_USB_Device_Library/Core/Src/usbd_core.o
 .debug_abbrev  0x0000000000002d72      0x27e ./Middlewares/ST/STM32_USB_Device_Library/Core/Src/usbd_ctlreq.o
 .debug_abbrev  0x0000000000002ff0      0x1a9 ./Middlewares/ST/STM32_USB_Device_Library/Core/Src/usbd_ioreq.o
 .debug_abbrev  0x0000000000003199      0x1a4 ./USB_Device/App/usb_device.o
 .debug_abbrev  0x000000000000333d      0x2c5 ./USB_Device/App/usbd_cdc_if.o
 .debug_abbrev  0x0000000000003602      0x20e ./USB_Device/App/usbd_desc.o
 .debug_abbrev  0x0000000000003810      0x32c ./USB_Device/Target/usbd_conf.o

.debug_aranges  0x0000000000000000     0x1220
 .debug_aranges
                0x0000000000000000       0x48 ./Core/Src/app.o
 .debug_aranges
                0x0000000000000048       0x30 ./Core/Src/can.o
 .debug_aranges
                0x0000000000000078       0x48 ./Core/Src/main.o
 .debug_aranges
                0x00000000000000c0       0x40 ./Core/Src/stm32g4xx_hal_msp.o
 .debug_aranges
                0x0000000000000100       0x70 ./Core/Src/stm32g4xx_it.o
 .debug_aranges
                0x0000000000000170       0x28 ./Core/Src/system_stm32g4xx.o
 .debug_aranges
                0x0000000000000198       0x28 ./Core/Startup/startup_stm32g431cbtx.o
 .debug_aranges
                0x00000000000001c0      0x130 ./Drivers/STM32G4xx_HAL_Driver/Src/stm32g4xx_hal.o
 .debug_aranges
                0x00000000000002f0      0x118 ./Drivers/STM32G4xx_HAL_Driver/Src/stm32g4xx_hal_cortex.o
 .debug_aranges
                0x0000000000000408      0x208 ./Drivers/STM32G4xx_HAL_Driver/Src/stm32g4xx_hal_fdcan.o
 .debug_aranges
                0x0000000000000610       0x58 ./Drivers/STM32G4xx_HAL_Driver/Src/stm32g4xx_hal_gpio.o
 .debug_aranges
                0x0000000000000668      0x130 ./Drivers/STM32G4xx_HAL_Driver/Src/stm32g4xx_hal_pcd.o
 .debug_aranges
                0x0000000000000798       0x58 ./Drivers/STM32G4xx_HAL_Driver/Src/stm32g4xx_hal_pcd_ex.o
 .debug_aranges
                0x00000000000007f0      0x140 ./Drivers/STM32G4xx_HAL_Driver/Src/stm32g4xx_hal_pwr_ex.o
 .debug_aranges
                0x0000000000000930       0x98 ./Drivers/STM32G4xx_HAL_Driver/Src/stm32g4xx_hal_rcc.o
 .debug_aranges
                0x00000000000009c8       0xb0 ./Drivers/STM32G4xx_HAL_Driver/Src/stm32g4xx_hal_rcc_ex.o
 .debug_aranges
                0x0000000000000a78      0x248 ./Drivers/STM32G4xx_HAL_Driver/Src/stm32g4xx_hal_uart.o
 .debug_aranges
                0x0000000000000cc0       0xa0 ./Drivers/STM32G4xx_HAL_Driver/Src/stm32g4xx_hal_uart_ex.o
 .debug_aranges
                0x0000000000000d60       0xb0 ./Drivers/STM32G4xx_HAL_Driver/Src/stm32g4xx_ll_usb.o
 .debug_aranges
                0x0000000000000e10       0x90 ./Middlewares/ST/STM32_USB_Device_Library/Class/CDC/Src/usbd_cdc.o
 .debug_aranges
                0x0000000000000ea0       0xb8 ./Middlewares/ST/STM32_USB_Device_Library/Core/Src/usbd_core.o
 .debug_aranges
                0x0000000000000f58       0x90 ./Middlewares/ST/STM32_USB_Device_Library/Core/Src/usbd_ctlreq.o
 .debug_aranges
                0x0000000000000fe8       0x50 ./Middlewares/ST/STM32_USB_Device_Library/Core/Src/usbd_ioreq.o
 .debug_aranges
                0x0000000000001038       0x20 ./USB_Device/App/usb_device.o
 .debug_aranges
                0x0000000000001058       0x48 ./USB_Device/App/usbd_cdc_if.o
 .debug_aranges
                0x00000000000010a0       0x60 ./USB_Device/App/usbd_desc.o
 .debug_aranges
                0x0000000000001100      0x120 ./USB_Device/Target/usbd_conf.o

.debug_rnglists
                0x0000000000000000      0xdb2
 .debug_rnglists
                0x0000000000000000       0x34 ./Core/Src/app.o
 .debug_rnglists
                0x0000000000000034       0x21 ./Core/Src/can.o
 .debug_rnglists
                0x0000000000000055       0x35 ./Core/Src/main.o
 .debug_rnglists
                0x000000000000008a       0x2d ./Core/Src/stm32g4xx_hal_msp.o
 .debug_rnglists
                0x00000000000000b7       0x4f ./Core/Src/stm32g4xx_it.o
 .debug_rnglists
                0x0000000000000106       0x1a ./Core/Src/system_stm32g4xx.o
 .debug_rnglists
                0x0000000000000120       0x19 ./Core/Startup/startup_stm32g431cbtx.o
 .debug_rnglists
                0x0000000000000139       0xdf ./Drivers/STM32G4xx_HAL_Driver/Src/stm32g4xx_hal.o
 .debug_rnglists
                0x0000000000000218       0xce ./Drivers/STM32G4xx_HAL_Driver/Src/stm32g4xx_hal_cortex.o
 .debug_rnglists
                0x00000000000002e6      0x18d ./Drivers/STM32G4xx_HAL_Driver/Src/stm32g4xx_hal_fdcan.o
 .debug_rnglists
                0x0000000000000473       0x3f ./Drivers/STM32G4xx_HAL_Driver/Src/stm32g4xx_hal_gpio.o
 .debug_rnglists
                0x00000000000004b2       0xe9 ./Drivers/STM32G4xx_HAL_Driver/Src/stm32g4xx_hal_pcd.o
 .debug_rnglists
                0x000000000000059b       0x3f ./Drivers/STM32G4xx_HAL_Driver/Src/stm32g4xx_hal_pcd_ex.o
 .debug_rnglists
                0x00000000000005da       0xf1 ./Drivers/STM32G4xx_HAL_Driver/Src/stm32g4xx_hal_pwr_ex.o
 .debug_rnglists
                0x00000000000006cb       0x74 ./Drivers/STM32G4xx_HAL_Driver/Src/stm32g4xx_hal_rcc.o
 .debug_rnglists
                0x000000000000073f       0x87 ./Drivers/STM32G4xx_HAL_Driver/Src/stm32g4xx_hal_rcc_ex.o
 .debug_rnglists
                0x00000000000007c6      0x1f9 ./Drivers/STM32G4xx_HAL_Driver/Src/stm32g4xx_hal_uart.o
 .debug_rnglists
                0x00000000000009bf       0x79 ./Drivers/STM32G4xx_HAL_Driver/Src/stm32g4xx_hal_uart_ex.o
 .debug_rnglists
                0x0000000000000a38       0x86 ./Drivers/STM32G4xx_HAL_Driver/Src/stm32g4xx_ll_usb.o
 .debug_rnglists
                0x0000000000000abe       0x6a ./Middlewares/ST/STM32_USB_Device_Library/Class/CDC/Src/usbd_cdc.o
 .debug_rnglists
                0x0000000000000b28       0x89 ./Middlewares/ST/STM32_USB_Device_Library/Core/Src/usbd_core.o
 .debug_rnglists
                0x0000000000000bb1       0x6e ./Middlewares/ST/STM32_USB_Device_Library/Core/Src/usbd_ctlreq.o
 .debug_rnglists
                0x0000000000000c1f       0x37 ./Middlewares/ST/STM32_USB_Device_Library/Core/Src/usbd_ioreq.o
 .debug_rnglists
                0x0000000000000c56       0x13 ./USB_Device/App/usb_device.o
 .debug_rnglists
                0x0000000000000c69       0x32 ./USB_Device/App/usbd_cdc_if.o
 .debug_rnglists
                0x0000000000000c9b       0x43 ./USB_Device/App/usbd_desc.o
 .debug_rnglists
                0x0000000000000cde       0xd4 ./USB_Device/Target/usbd_conf.o

.debug_macro    0x0000000000000000    0x20e34
 .debug_macro   0x0000000000000000      0x3a7 ./Core/Src/app.o
 .debug_macro   0x00000000000003a7      0xaa8 ./Core/Src/app.o
 .debug_macro   0x0000000000000e4f       0x22 ./Core/Src/app.o
 .debug_macro   0x0000000000000e71       0x5b ./Core/Src/app.o
 .debug_macro   0x0000000000000ecc       0x2a ./Core/Src/app.o
 .debug_macro   0x0000000000000ef6       0x94 ./Core/Src/app.o
 .debug_macro   0x0000000000000f8a       0x43 ./Core/Src/app.o
 .debug_macro   0x0000000000000fcd       0x34 ./Core/Src/app.o
 .debug_macro   0x0000000000001001       0x16 ./Core/Src/app.o
 .debug_macro   0x0000000000001017       0x57 ./Core/Src/app.o
 .debug_macro   0x000000000000106e       0x97 ./Core/Src/app.o
 .debug_macro   0x0000000000001105      0x369 ./Core/Src/app.o
 .debug_macro   0x000000000000146e       0xfd ./Core/Src/app.o
 .debug_macro   0x000000000000156b       0x10 ./Core/Src/app.o
 .debug_macro   0x000000000000157b       0x16 ./Core/Src/app.o
 .debug_macro   0x0000000000001591       0x43 ./Core/Src/app.o
 .debug_macro   0x00000000000015d4       0x34 ./Core/Src/app.o
 .debug_macro   0x0000000000001608       0x10 ./Core/Src/app.o
 .debug_macro   0x0000000000001618       0x58 ./Core/Src/app.o
 .debug_macro   0x0000000000001670       0x8e ./Core/Src/app.o
 .debug_macro   0x00000000000016fe       0x1c ./Core/Src/app.o
 .debug_macro   0x000000000000171a      0x177 ./Core/Src/app.o
 .debug_macro   0x0000000000001891       0x16 ./Core/Src/app.o
 .debug_macro   0x00000000000018a7       0x16 ./Core/Src/app.o
 .debug_macro   0x00000000000018bd      0x147 ./Core/Src/app.o
 .debug_macro   0x0000000000001a04       0x16 ./Core/Src/app.o
 .debug_macro   0x0000000000001a1a       0x35 ./Core/Src/app.o
 .debug_macro   0x0000000000001a4f       0x20 ./Core/Src/app.o
 .debug_macro   0x0000000000001a6f      0x161 ./Core/Src/app.o
 .debug_macro   0x0000000000001bd0       0x2e ./Core/Src/app.o
 .debug_macro   0x0000000000001bfe       0x28 ./Core/Src/app.o
 .debug_macro   0x0000000000001c26      0x103 ./Core/Src/app.o
 .debug_macro   0x0000000000001d29       0x6a ./Core/Src/app.o
 .debug_macro   0x0000000000001d93      0x1df ./Core/Src/app.o
 .debug_macro   0x0000000000001f72       0x1c ./Core/Src/app.o
 .debug_macro   0x0000000000001f8e       0x22 ./Core/Src/app.o
 .debug_macro   0x0000000000001fb0       0xfb ./Core/Src/app.o
 .debug_macro   0x00000000000020ab     0x1011 ./Core/Src/app.o
 .debug_macro   0x00000000000030bc      0x11f ./Core/Src/app.o
 .debug_macro   0x00000000000031db    0x11396 ./Core/Src/app.o
 .debug_macro   0x0000000000014571       0x6d ./Core/Src/app.o
 .debug_macro   0x00000000000145de     0x3554 ./Core/Src/app.o
 .debug_macro   0x0000000000017b32       0x56 ./Core/Src/app.o
 .debug_macro   0x0000000000017b88     0x141d ./Core/Src/app.o
 .debug_macro   0x0000000000018fa5      0x535 ./Core/Src/app.o
 .debug_macro   0x00000000000194da      0x1b6 ./Core/Src/app.o
 .debug_macro   0x0000000000019690      0x288 ./Core/Src/app.o
 .debug_macro   0x0000000000019918      0x41d ./Core/Src/app.o
 .debug_macro   0x0000000000019d35      0x18b ./Core/Src/app.o
 .debug_macro   0x0000000000019ec0       0x43 ./Core/Src/app.o
 .debug_macro   0x0000000000019f03      0x23d ./Core/Src/app.o
 .debug_macro   0x000000000001a140      0x211 ./Core/Src/app.o
 .debug_macro   0x000000000001a351      0x6af ./Core/Src/app.o
 .debug_macro   0x000000000001aa00      0x401 ./Core/Src/app.o
 .debug_macro   0x000000000001ae01      0x107 ./Core/Src/app.o
 .debug_macro   0x000000000001af08       0x6c ./Core/Src/app.o
 .debug_macro   0x000000000001af74      0x234 ./Core/Src/app.o
 .debug_macro   0x000000000001b1a8      0x122 ./Core/Src/app.o
 .debug_macro   0x000000000001b2ca      0x3d1 ./Core/Src/app.o
 .debug_macro   0x000000000001b69b      0x67e ./Core/Src/app.o
 .debug_macro   0x000000000001bd19       0xa6 ./Core/Src/app.o
 .debug_macro   0x000000000001bdbf      0x306 ./Core/Src/app.o
 .debug_macro   0x000000000001c0c5       0x16 ./Core/Src/app.o
 .debug_macro   0x000000000001c0db       0x16 ./Core/Src/app.o
 .debug_macro   0x000000000001c0f1       0x29 ./Core/Src/app.o
 .debug_macro   0x000000000001c11a       0x5f ./Core/Src/app.o
 .debug_macro   0x000000000001c179      0x1ef ./Core/Src/app.o
 .debug_macro   0x000000000001c368       0x95 ./Core/Src/app.o
 .debug_macro   0x000000000001c3fd       0x10 ./Core/Src/app.o
 .debug_macro   0x000000000001c40d       0x22 ./Core/Src/app.o
 .debug_macro   0x000000000001c42f       0x22 ./Core/Src/app.o
 .debug_macro   0x000000000001c451       0x1c ./Core/Src/app.o
 .debug_macro   0x000000000001c46d      0x1f7 ./Core/Src/can.o
 .debug_macro   0x000000000001c664       0x8e ./Core/Src/can.o
 .debug_macro   0x000000000001c6f2       0x51 ./Core/Src/can.o
 .debug_macro   0x000000000001c743      0x174 ./Core/Src/can.o
 .debug_macro   0x000000000001c8b7       0x5c ./Core/Src/can.o
 .debug_macro   0x000000000001c913       0x1c ./Core/Src/can.o
 .debug_macro   0x000000000001c92f      0x3c5 ./Core/Src/main.o
 .debug_macro   0x000000000001ccf4       0x61 ./Core/Src/main.o
 .debug_macro   0x000000000001cd55      0x3b7 ./Core/Src/stm32g4xx_hal_msp.o
 .debug_macro   0x000000000001d10c      0x3c1 ./Core/Src/stm32g4xx_it.o
 .debug_macro   0x000000000001d4cd      0x1e8 ./Core/Src/system_stm32g4xx.o
 .debug_macro   0x000000000001d6b5      0x236 ./Drivers/STM32G4xx_HAL_Driver/Src/stm32g4xx_hal.o
 .debug_macro   0x000000000001d8eb      0x1e8 ./Drivers/STM32G4xx_HAL_Driver/Src/stm32g4xx_hal_cortex.o
 .debug_macro   0x000000000001dad3      0x2fa ./Drivers/STM32G4xx_HAL_Driver/Src/stm32g4xx_hal_fdcan.o
 .debug_macro   0x000000000001ddcd      0x1ef ./Drivers/STM32G4xx_HAL_Driver/Src/stm32g4xx_hal_gpio.o
 .debug_macro   0x000000000001dfbc      0x1f4 ./Drivers/STM32G4xx_HAL_Driver/Src/stm32g4xx_hal_pcd.o
 .debug_macro   0x000000000001e1b0      0x1e8 ./Drivers/STM32G4xx_HAL_Driver/Src/stm32g4xx_hal_pcd_ex.o
 .debug_macro   0x000000000001e398      0x212 ./Drivers/STM32G4xx_HAL_Driver/Src/stm32g4xx_hal_pwr_ex.o
 .debug_macro   0x000000000001e5aa      0x22a ./Drivers/STM32G4xx_HAL_Driver/Src/stm32g4xx_hal_rcc.o
 .debug_macro   0x000000000001e7d4      0x212 ./Drivers/STM32G4xx_HAL_Driver/Src/stm32g4xx_hal_rcc_ex.o
 .debug_macro   0x000000000001e9e6      0x213 ./Drivers/STM32G4xx_HAL_Driver/Src/stm32g4xx_hal_uart.o
 .debug_macro   0x000000000001ebf9      0x1f4 ./Drivers/STM32G4xx_HAL_Driver/Src/stm32g4xx_hal_uart_ex.o
 .debug_macro   0x000000000001eded      0x1e8 ./Drivers/STM32G4xx_HAL_Driver/Src/stm32g4xx_ll_usb.o
 .debug_macro   0x000000000001efd5      0x377 ./Middlewares/ST/STM32_USB_Device_Library/Class/CDC/Src/usbd_cdc.o
 .debug_macro   0x000000000001f34c      0x35e ./Middlewares/ST/STM32_USB_Device_Library/Core/Src/usbd_core.o
 .debug_macro   0x000000000001f6aa      0x1f5 ./Middlewares/ST/STM32_USB_Device_Library/Core/Src/usbd_core.o
 .debug_macro   0x000000000001f89f      0x368 ./Middlewares/ST/STM32_USB_Device_Library/Core/Src/usbd_ctlreq.o
 .debug_macro   0x000000000001fc07      0x364 ./Middlewares/ST/STM32_USB_Device_Library/Core/Src/usbd_ioreq.o
 .debug_macro   0x000000000001ff6b      0x3c8 ./USB_Device/App/usb_device.o
 .debug_macro   0x0000000000020333       0x22 ./USB_Device/App/usb_device.o
 .debug_macro   0x0000000000020355      0x3a7 ./USB_Device/App/usbd_cdc_if.o
 .debug_macro   0x00000000000206fc      0x39b ./USB_Device/App/usbd_desc.o
 .debug_macro   0x0000000000020a97       0x1c ./USB_Device/App/usbd_desc.o
 .debug_macro   0x0000000000020ab3      0x381 ./USB_Device/Target/usbd_conf.o

.debug_line     0x0000000000000000    0x187e8
 .debug_line    0x0000000000000000      0xc23 ./Core/Src/app.o
 .debug_line    0x0000000000000c23      0x8e0 ./Core/Src/can.o
 .debug_line    0x0000000000001503      0xbb1 ./Core/Src/main.o
 .debug_line    0x00000000000020b4      0xb1b ./Core/Src/stm32g4xx_hal_msp.o
 .debug_line    0x0000000000002bcf      0xb4b ./Core/Src/stm32g4xx_it.o
 .debug_line    0x000000000000371a      0x7fa ./Core/Src/system_stm32g4xx.o
 .debug_line    0x0000000000003f14       0x7b ./Core/Startup/startup_stm32g431cbtx.o
 .debug_line    0x0000000000003f8f      0xb71 ./Drivers/STM32G4xx_HAL_Driver/Src/stm32g4xx_hal.o
 .debug_line    0x0000000000004b00      0xd24 ./Drivers/STM32G4xx_HAL_Driver/Src/stm32g4xx_hal_cortex.o
 .debug_line    0x0000000000005824     0x18da ./Drivers/STM32G4xx_HAL_Driver/Src/stm32g4xx_hal_fdcan.o
 .debug_line    0x00000000000070fe      0xbb4 ./Drivers/STM32G4xx_HAL_Driver/Src/stm32g4xx_hal_gpio.o
 .debug_line    0x0000000000007cb2     0x1396 ./Drivers/STM32G4xx_HAL_Driver/Src/stm32g4xx_hal_pcd.o
 .debug_line    0x0000000000009048      0x905 ./Drivers/STM32G4xx_HAL_Driver/Src/stm32g4xx_hal_pcd_ex.o
 .debug_line    0x000000000000994d      0xd28 ./Drivers/STM32G4xx_HAL_Driver/Src/stm32g4xx_hal_pwr_ex.o
 .debug_line    0x000000000000a675      0xf84 ./Drivers/STM32G4xx_HAL_Driver/Src/stm32g4xx_hal_rcc.o
 .debug_line    0x000000000000b5f9     0x114a ./Drivers/STM32G4xx_HAL_Driver/Src/stm32g4xx_hal_rcc_ex.o
 .debug_line    0x000000000000c743     0x3bc8 ./Drivers/STM32G4xx_HAL_Driver/Src/stm32g4xx_hal_uart.o
 .debug_line    0x000000000001030b      0xe1c ./Drivers/STM32G4xx_HAL_Driver/Src/stm32g4xx_hal_uart_ex.o
 .debug_line    0x0000000000011127      0xfe0 ./Drivers/STM32G4xx_HAL_Driver/Src/stm32g4xx_ll_usb.o
 .debug_line    0x0000000000012107      0xdc8 ./Middlewares/ST/STM32_USB_Device_Library/Class/CDC/Src/usbd_cdc.o
 .debug_line    0x0000000000012ecf      0xe47 ./Middlewares/ST/STM32_USB_Device_Library/Core/Src/usbd_core.o
 .debug_line    0x0000000000013d16     0x10ff ./Middlewares/ST/STM32_USB_Device_Library/Core/Src/usbd_ctlreq.o
 .debug_line    0x0000000000014e15      0xa9e ./Middlewares/ST/STM32_USB_Device_Library/Core/Src/usbd_ioreq.o
 .debug_line    0x00000000000158b3      0xa7b ./USB_Device/App/usb_device.o
 .debug_line    0x000000000001632e      0xaed ./USB_Device/App/usbd_cdc_if.o
 .debug_line    0x0000000000016e1b      0xb23 ./USB_Device/App/usbd_desc.o
 .debug_line    0x000000000001793e      0xeaa ./USB_Device/Target/usbd_conf.o

.debug_str      0x0000000000000000    0xc074f
 .debug_str     0x0000000000000000    0xbab5f ./Core/Src/app.o
                                      0xbaf0c (size before relaxing)
 .debug_str     0x00000000000bab5f      0x13e ./Core/Src/can.o
                                      0xb622b (size before relaxing)
 .debug_str     0x00000000000bac9d      0x3ca ./Core/Src/main.o
                                      0xbb032 (size before relaxing)
 .debug_str     0x00000000000bb067      0x6a2 ./Core/Src/stm32g4xx_hal_msp.o
                                      0xbb423 (size before relaxing)
 .debug_str     0x00000000000bb709      0x3f3 ./Core/Src/stm32g4xx_it.o
                                      0xbaaf3 (size before relaxing)